Archive member included because of file (symbol)

C:/Freescale/CW MCU v11.0/MCU/ARM_GCC_Support/ewl/lib/armv6-m\libc.a(sprintf.o)
                              ./Sources/Pixy2_test.o (sprintf)
C:/Freescale/CW MCU v11.0/MCU/ARM_GCC_Support/ewl/lib/armv6-m\libc.a(exit.o)
                              ./Project_Settings/Startup_Code/__arm_start.o (exit)
C:/Freescale/CW MCU v11.0/MCU/ARM_GCC_Support/ewl/lib/armv6-m\libc.a(memset.o)
                              ./Project_Settings/Startup_Code/__arm_start.o (memset)
C:/Freescale/CW MCU v11.0/MCU/ARM_GCC_Support/ewl/lib/armv6-m\libc.a(__filll_mem.o)
                              C:/Freescale/CW MCU v11.0/MCU/ARM_GCC_Support/ewl/lib/armv6-m\libc.a(memset.o) (__fill_mem)
C:/Freescale/CW MCU v11.0/MCU/ARM_GCC_Support/ewl/lib/armv6-m\libc.a(printformat_.o)
                              (__pformatter_)
C:/Freescale/CW MCU v11.0/MCU/ARM_GCC_Support/ewl/lib/armv6-m\libc.a(scanformat_.o)
                              (__sformatter)
C:/Freescale/CW MCU v11.0/MCU/ARM_GCC_Support/ewl/lib/armv6-m\libc.a(ctype_aeabi.o)
                              C:/Freescale/CW MCU v11.0/MCU/ARM_GCC_Support/ewl/lib/armv6-m\libc.a(scanformat_.o) (isspace)
C:/Freescale/CW MCU v11.0/MCU/ARM_GCC_Support/ewl/lib/armv6-m\libc.a(vsnprintf.o)
                              C:/Freescale/CW MCU v11.0/MCU/ARM_GCC_Support/ewl/lib/armv6-m\libc.a(sprintf.o) (vsnprintf)
C:/Freescale/CW MCU v11.0/MCU/ARM_GCC_Support/ewl/lib/armv6-m\libc.a(__strtoul.o)
                              C:/Freescale/CW MCU v11.0/MCU/ARM_GCC_Support/ewl/lib/armv6-m\libc.a(scanformat_.o) (__strtoul)
C:/Freescale/CW MCU v11.0/MCU/ARM_GCC_Support/ewl/lib/armv6-m\libc.a(strchr.o)
                              C:/Freescale/CW MCU v11.0/MCU/ARM_GCC_Support/ewl/lib/armv6-m\libc.a(printformat_.o) (strchr)
C:/Freescale/CW MCU v11.0/MCU/ARM_GCC_Support/ewl/lib/armv6-m\libc.a(memcpy.o)
                              C:/Freescale/CW MCU v11.0/MCU/ARM_GCC_Support/ewl/lib/armv6-m\libc.a(scanformat_.o) (memcpy)
C:/Freescale/CW MCU v11.0/MCU/ARM_GCC_Support/ewl/lib/armv6-m\libc.a(strlen.o)
                              C:/Freescale/CW MCU v11.0/MCU/ARM_GCC_Support/ewl/lib/armv6-m\libc.a(printformat_.o) (strlen)
C:/Freescale/CW MCU v11.0/MCU/ARM_GCC_Support/ewl/lib/armv6-m\libc.a(memchr.o)
                              C:/Freescale/CW MCU v11.0/MCU/ARM_GCC_Support/ewl/lib/armv6-m\libc.a(printformat_.o) (memchr)
C:/Freescale/CW MCU v11.0/MCU/ARM_GCC_Support/ewl/lib/armv6-m\libm.a(s_atan.o)
                              ./Sources/Pixy2_test.o (atan)
C:/Freescale/CW MCU v11.0/MCU/ARM_GCC_Support/ewl/lib/armv6-m\libm.a(w_pow.o)
                              ./Sources/Pixy2_test.o (pow)
C:/Freescale/CW MCU v11.0/MCU/ARM_GCC_Support/ewl/lib/armv6-m\libm.a(e_pow.o)
                              C:/Freescale/CW MCU v11.0/MCU/ARM_GCC_Support/ewl/lib/armv6-m\libm.a(w_pow.o) (__ieee754_pow)
C:/Freescale/CW MCU v11.0/MCU/ARM_GCC_Support/ewl/lib/armv6-m\libm.a(scalbn.o)
                              C:/Freescale/CW MCU v11.0/MCU/ARM_GCC_Support/ewl/lib/armv6-m\libm.a(e_pow.o) (scalbn)
C:/Freescale/CW MCU v11.0/MCU/ARM_GCC_Support/ewl/lib/armv6-m\libm.a(w_sqrt.o)
                              ./Sources/Pixy2_test.o (sqrt)
C:/Freescale/CW MCU v11.0/MCU/ARM_GCC_Support/ewl/lib/armv6-m\libm.a(math_api.o)
                              C:/Freescale/CW MCU v11.0/MCU/ARM_GCC_Support/ewl/lib/armv6-m\libm.a(e_pow.o) (__fpclassifyd)
C:/Freescale/CW MCU v11.0/MCU/ARM_GCC_Support/ewl/lib/armv6-m\libm.a(float.o)
                              C:/Freescale/CW MCU v11.0/MCU/ARM_GCC_Support/ewl/lib/armv6-m\libm.a(e_pow.o) (__double_nan)
C:/Freescale/CW MCU v11.0/MCU/ARM_GCC_Support/ewl/lib/armv6-m\libm.a(s_frexp.o)
                              C:/Freescale/CW MCU v11.0/MCU/ARM_GCC_Support/ewl/lib/armv6-m\libm.a(scalbn.o) (frexp)
C:/Freescale/CW MCU v11.0/MCU/ARM_GCC_Support/ewl/lib/armv6-m\libm.a(s_ldexp.o)
                              C:/Freescale/CW MCU v11.0/MCU/ARM_GCC_Support/ewl/lib/armv6-m\libm.a(scalbn.o) (ldexp)
C:/Freescale/CW MCU v11.0/MCU/ARM_GCC_Support/ewl/lib/armv6-m\libm.a(e_sqrt.o)
                              C:/Freescale/CW MCU v11.0/MCU/ARM_GCC_Support/ewl/lib/armv6-m\libm.a(w_sqrt.o) (__ieee754_sqrt)
c:/freescale/cw mcu v11.0/cross_tools/arm-none-eabi-gcc-4_7_3/bin/../lib/gcc/arm-none-eabi/4.7.3/armv6-m\libgcc.a(_thumb1_case_sqi.o)
                              C:/Freescale/CW MCU v11.0/MCU/ARM_GCC_Support/ewl/lib/armv6-m\libc.a(__strtoul.o) (__gnu_thumb1_case_sqi)
c:/freescale/cw mcu v11.0/cross_tools/arm-none-eabi-gcc-4_7_3/bin/../lib/gcc/arm-none-eabi/4.7.3/armv6-m\libgcc.a(_thumb1_case_uqi.o)
                              C:/Freescale/CW MCU v11.0/MCU/ARM_GCC_Support/ewl/lib/armv6-m\libc.a(scanformat_.o) (__gnu_thumb1_case_uqi)
c:/freescale/cw mcu v11.0/cross_tools/arm-none-eabi-gcc-4_7_3/bin/../lib/gcc/arm-none-eabi/4.7.3/armv6-m\libgcc.a(_udivsi3.o)
                              ./Project_Headers/mcg.o (__aeabi_uidiv)
[...]
Memory Configuration

Name             Origin             Length             Attributes
m_interrupts     0x00000000         0x000000c0         xr
m_cfmprotrom     0x00000400         0x00000010         xr
m_text           0x00000800         0x0000f800         xr
m_data           0x1ffff800         0x00002000         xrw
*default*        0x00000000         0xffffffff

Linker script and memory map

LOAD ./Project_Headers/my_timers.o
LOAD ./Project_Headers/my_sys_ticks.o
LOAD ./Project_Headers/my_ssd1306.o
LOAD ./Project_Headers/my_keypad.o
LOAD ./Project_Headers/my_i2c.o
LOAD ./Project_Headers/my_gpio.o
LOAD ./Project_Headers/my_adc.o
LOAD ./Project_Headers/my_UART.o
LOAD ./Project_Headers/my_Pixy2.o
LOAD ./Project_Headers/my_PWM.o
LOAD ./Project_Headers/mcg.o
LOAD ./Project_Headers/arm_cm0.o
LOAD ./Project_Settings/Startup_Code/kinetis_sysinit.o
LOAD ./Project_Settings/Startup_Code/__arm_start.o
LOAD ./Project_Settings/Startup_Code/__arm_end.o
LOAD ./Sources/Pixy2_test.o
                0x000057c4                __pformatter = __pformatter_
                [0x00005bec]                __sformatter = __sformatter
START GROUP
LOAD C:/Freescale/CW MCU v11.0/MCU/ARM_GCC_Support/ewl/lib/armv6-m\libc.a
LOAD C:/Freescale/CW MCU v11.0/MCU/ARM_GCC_Support/ewl/lib/armv6-m\libm.a
LOAD c:/freescale/cw mcu v11.0/cross_tools/arm-none-eabi-gcc-4_7_3/bin/../lib/gcc/arm-none-eabi/4.7.3/armv6-m\libgcc.a
LOAD C:/Freescale/CW MCU v11.0/MCU/ARM_GCC_Support/ewl/lib/armv6-m\librt.a
LOAD C:/Freescale/CW MCU v11.0/MCU/ARM_GCC_Support/ewl/lib/armv6-m\libuart.a
END GROUP
                0x20001800                _estack = 0x20001800
                0x20001800                __SP_INIT = _estack
                0x00000100                __heap_size = 0x100
                0x00000100                __stack_size = 0x100

.interrupts     0x00000000       0xc0
                0x00000000                __vector_table = .
                0x00000000                . = ALIGN (0x4)
 *(.vectortable)
 .vectortable   0x00000000       0xc0 ./Project_Settings/Startup_Code/kinetis_sysinit.o
                0x00000000                InterruptVector
                0x000000c0                . = ALIGN (0x4)

.cfmprotect     0x00000400        0x0
                0x00000400                . = ALIGN (0x4)
 *(.cfmconfig)
                0x00000400                . = ALIGN (0x4)

.text           0x00000800     0x7530
                0x00000800                . = ALIGN (0x4)
 *(.text)
 .text          0x00000800       0x14 c:/freescale/cw mcu v11.0/cross_tools/arm-none-eabi-gcc-4_7_3/bin/../lib/gcc/arm-none-eabi/4.7.3/armv6-m\libgcc.a(_thumb1_case_sqi.o)
                0x00000800                __gnu_thumb1_case_sqi
 .text          0x00000814       0x14 c:/freescale/cw mcu v11.0/cross_tools/arm-none-eabi-gcc-4_7_3/bin/../lib/gcc/arm-none-eabi/4.7.3/armv6-m\libgcc.a(_thumb1_case_uqi.o)
                0x00000814                __gnu_thumb1_case_uqi
 .text          0x00000828       0x9c c:/freescale/cw mcu v11.0/cross_tools/arm-none-eabi-gcc-4_7_3/bin/../lib/gcc/arm-none-eabi/4.7.3/armv6-m\libgcc.a(_udivsi3.o)
                0x00000828                __aeabi_uidiv
                0x00000828                __udivsi3
                0x000008b0                __aeabi_uidivmod
 .text          0x000008c4       0xc0 c:/freescale/cw mcu v11.0/cross_tools/arm-none-eabi-gcc-4_7_3/bin/../lib/gcc/arm-none-eabi/4.7.3/armv6-m\libgcc.a(_divsi3.o)
                0x000008c4                __divsi3
                0x000008c4                __aeabi_idiv
                0x00000970                __aeabi_idivmod
 .text          0x00000984        0x4 c:/freescale/cw mcu v11.0/cross_tools/arm-none-eabi-gcc-4_7_3/bin/../lib/gcc/arm-none-eabi/4.7.3/armv6-m\libgcc.a(_dvmd_tls.o)
                0x00000984                __aeabi_idiv0
                0x00000984                __aeabi_ldiv0
 .text          0x00000988       0x7c c:/freescale/cw mcu v11.0/cross_tools/arm-none-eabi-gcc-4_7_3/bin/../lib/gcc/arm-none-eabi/4.7.3/armv6-m\libgcc.a(_arm_cmpdf2.o)
                0x00000988                __aeabi_cdrcmple
                0x00000998                __aeabi_cdcmple
                0x00000998                __aeabi_cdcmpeq
                0x000009a8                __aeabi_dcmpeq
                0x000009b4                __aeabi_dcmplt
                0x000009c8                __aeabi_dcmple
                0x000009dc                __aeabi_dcmpgt
                0x000009f0                __aeabi_dcmpge
 .text          0x00000a04       0x74 c:/freescale/cw mcu v11.0/cross_tools/arm-none-eabi-gcc-4_7_3/bin/../lib/gcc/arm-none-eabi/4.7.3/armv6-m\libgcc.a(_arm_cmpsf2.o)
                0x00000a04                __aeabi_cfrcmple
                0x00000a0c                __aeabi_cfcmpeq
                0x00000a0c                __aeabi_cfcmple
                0x00000a1c                __aeabi_fcmpeq
                0x00000a28                __aeabi_fcmplt
                0x00000a3c                __aeabi_fcmple
                0x00000a50                __aeabi_fcmpgt
                0x00000a64                __aeabi_fcmpge
 .text          0x00000a78      0x3a4 c:/freescale/cw mcu v11.0/cross_tools/arm-none-eabi-gcc-4_7_3/bin/../lib/gcc/arm-none-eabi/4.7.3/armv6-m\libgcc.a(addsf3.o)
                0x00000a78                __aeabi_fadd
 .text          0x00000e1c      0x274 c:/freescale/cw mcu v11.0/cross_tools/arm-none-eabi-gcc-4_7_3/bin/../lib/gcc/arm-none-eabi/4.7.3/armv6-m\libgcc.a(divsf3.o)
                0x00000e1c                __aeabi_fdiv
 .text          0x00001090       0x50 c:/freescale/cw mcu v11.0/cross_tools/arm-none-eabi-gcc-4_7_3/bin/../lib/gcc/arm-none-eabi/4.7.3/armv6-m\libgcc.a(eqsf2.o)
                0x00001090                __eqsf2
                0x00001090                __nesf2
 .text          0x000010e0       0x90 c:/freescale/cw mcu v11.0/cross_tools/arm-none-eabi-gcc-4_7_3/bin/../lib/gcc/arm-none-eabi/4.7.3/armv6-m\libgcc.a(gesf2.o)
                0x000010e0                __gesf2
                0x000010e0                __gtsf2
 .text          0x00001170       0x90 c:/freescale/cw mcu v11.0/cross_tools/arm-none-eabi-gcc-4_7_3/bin/../lib/gcc/arm-none-eabi/4.7.3/armv6-m\libgcc.a(lesf2.o)
                0x00001170                __ltsf2
                0x00001170                __lesf2
 .text          0x00001200      0x260 c:/freescale/cw mcu v11.0/cross_tools/arm-none-eabi-gcc-4_7_3/bin/../lib/gcc/arm-none-eabi/4.7.3/armv6-m\libgcc.a(mulsf3.o)
                0x00001200                __aeabi_fmul
 .text          0x00001460      0x3ac c:/freescale/cw mcu v11.0/cross_tools/arm-none-eabi-gcc-4_7_3/bin/../lib/gcc/arm-none-eabi/4.7.3/armv6-m\libgcc.a(subsf3.o)
                0x00001460                __aeabi_fsub
 .text          0x0000180c       0xa8 c:/freescale/cw mcu v11.0/cross_tools/arm-none-eabi-gcc-4_7_3/bin/../lib/gcc/arm-none-eabi/4.7.3/armv6-m\libgcc.a(floatsisf.o)
                0x0000180c                __aeabi_i2f
 .text          0x000018b4      0x758 c:/freescale/cw mcu v11.0/cross_tools/arm-none-eabi-gcc-4_7_3/bin/../lib/gcc/arm-none-eabi/4.7.3/armv6-m\libgcc.a(adddf3.o)
                0x000018b4                __aeabi_dadd
 .text          0x0000200c      0x5b8 c:/freescale/cw mcu v11.0/cross_tools/arm-none-eabi-gcc-4_7_3/bin/../lib/gcc/arm-none-eabi/4.7.3/armv6-m\libgcc.a(divdf3.o)
                0x0000200c                __aeabi_ddiv
 .text          0x000025c4       0x7c c:/freescale/cw mcu v11.0/cross_tools/arm-none-eabi-gcc-4_7_3/bin/../lib/gcc/arm-none-eabi/4.7.3/armv6-m\libgcc.a(eqdf2.o)
                0x000025c4                __nedf2
                0x000025c4                __eqdf2
 .text          0x00002640       0xe8 c:/freescale/cw mcu v11.0/cross_tools/arm-none-eabi-gcc-4_7_3/bin/../lib/gcc/arm-none-eabi/4.7.3/armv6-m\libgcc.a(gedf2.o)
                0x00002640                __gedf2
                0x00002640                __gtdf2
 .text          0x00002728       0xd8 c:/freescale/cw mcu v11.0/cross_tools/arm-none-eabi-gcc-4_7_3/bin/../lib/gcc/arm-none-eabi/4.7.3/armv6-m\libgcc.a(ledf2.o)
                0x00002728                __ledf2
                0x00002728                __ltdf2
 .text          0x00002800      0x4e4 c:/freescale/cw mcu v11.0/cross_tools/arm-none-eabi-gcc-4_7_3/bin/../lib/gcc/arm-none-eabi/4.7.3/armv6-m\libgcc.a(muldf3.o)
                0x00002800                __aeabi_dmul
 .text          0x00002ce4      0x6f8 c:/freescale/cw mcu v11.0/cross_tools/arm-none-eabi-gcc-4_7_3/bin/../lib/gcc/arm-none-eabi/4.7.3/armv6-m\libgcc.a(subdf3.o)
                0x00002ce4                __aeabi_dsub
 .text          0x000033dc       0x74 c:/freescale/cw mcu v11.0/cross_tools/arm-none-eabi-gcc-4_7_3/bin/../lib/gcc/arm-none-eabi/4.7.3/armv6-m\libgcc.a(floatsidf.o)
                0x000033dc                __aeabi_i2d
 .text          0x00003450       0xa8 c:/freescale/cw mcu v11.0/cross_tools/arm-none-eabi-gcc-4_7_3/bin/../lib/gcc/arm-none-eabi/4.7.3/armv6-m\libgcc.a(extendsfdf2.o)
                0x00003450                __aeabi_f2d
 .text          0x000034f8      0x134 c:/freescale/cw mcu v11.0/cross_tools/arm-none-eabi-gcc-4_7_3/bin/../lib/gcc/arm-none-eabi/4.7.3/armv6-m\libgcc.a(truncdfsf2.o)
                0x000034f8                __aeabi_d2f
 .text          0x0000362c       0x3c c:/freescale/cw mcu v11.0/cross_tools/arm-none-eabi-gcc-4_7_3/bin/../lib/gcc/arm-none-eabi/4.7.3/armv6-m\libgcc.a(_clzsi2.o)
                0x0000362c                __clzsi2
 *(.text*)
 .text.syst_tick_init
                0x00003668       0x24 ./Project_Headers/my_sys_ticks.o
                0x00003668                syst_tick_init
 .text.SysTick_Handler
                0x0000368c       0x18 ./Project_Headers/my_sys_ticks.o
                0x0000368c                SysTick_Handler
 .text.init_I2C0_PTC8_9
                0x000036a4       0x5c ./Project_Headers/my_i2c.o
                0x000036a4                init_I2C0_PTC8_9
 .text.IIC0_StartTransmission
                0x00003700       0x68 ./Project_Headers/my_i2c.o
                0x00003700                IIC0_StartTransmission
 .text.Pause    0x00003768       0x20 ./Project_Headers/my_i2c.o
                0x00003768                Pause
 .text.I2C0ReadMultiE
                0x00003788      0x2ac ./Project_Headers/my_i2c.o
                0x00003788                I2C0ReadMultiE
 .text.I2C0WriteMultiE
                0x00003a34      0x164 ./Project_Headers/my_i2c.o
                0x00003a34                I2C0WriteMultiE
 .text.init_adc0
                0x00003b98       0x38 ./Project_Headers/my_adc.o
                0x00003b98                init_adc0
 .text.UART0_Init
                0x00003bd0       0xf0 ./Project_Headers/my_UART.o
                0x00003bd0                UART0_Init
 .text.UART0_IRQHandler
                0x00003cc0       0x4c ./Project_Headers/my_UART.o
                0x00003cc0                UART0_IRQHandler
 .text.UART0_Transmitter_Ready
                0x00003d0c       0x30 ./Project_Headers/my_UART.o
                0x00003d0c                UART0_Transmitter_Ready
 .text.UART0_Transmit
                0x00003d3c       0x2c ./Project_Headers/my_UART.o
                0x00003d3c                UART0_Transmit
 .text.UART0_Transmit_String
                0x00003d68       0x2c ./Project_Headers/my_UART.o
                0x00003d68                UART0_Transmit_String
 .text.sendPacket
                0x00003d94       0x94 ./Project_Headers/my_Pixy2.o
                0x00003d94                sendPacket
 .text.recvPacket
                0x00003e28       0xd0 ./Project_Headers/my_Pixy2.o
                0x00003e28                recvPacket
 .text.getResolution
                0x00003ef8       0x78 ./Project_Headers/my_Pixy2.o
                0x00003ef8                getResolution
 .text.setCameraBrightness
                0x00003f70       0x48 ./Project_Headers/my_Pixy2.o
                0x00003f70                setCameraBrightness
 .text.getBlocks
                0x00003fb8      0x140 ./Project_Headers/my_Pixy2.o
                0x00003fb8                getBlocks
 .text.pll_init
                0x000040f8      0x548 ./Project_Headers/mcg.o
                0x000040f8                pll_init
 .text.enable_irq
                0x00004640       0x6c ./Project_Headers/arm_cm0.o
                0x00004640                enable_irq
 .text.set_irq_priority
                0x000046ac       0x74 ./Project_Headers/arm_cm0.o
                0x000046ac                set_irq_priority
 .text.Default_Handler
                0x00004720        0xc ./Project_Settings/Startup_Code/kinetis_sysinit.o
                0x00004720                RTC_Alarm_IRQHandler
                0x00004720                I2C0_IRQHandler
                0x00004720                HardFault_Handler
                0x00004720                PendSV_Handler
                0x00004720                NMI_Handler
                0x00004720                I2C1_IRQHandler
                0x00004720                UART1_IRQHandler
                0x00004720                DMA2_IRQHandler
                0x00004720                TSI0_IRQHandler
                0x00004720                ADC0_IRQHandler
                0x00004720                SPI1_IRQHandler
                0x00004720                PORTD_IRQHandler
                0x00004720                LPTimer_IRQHandler
                0x00004720                FTM1_IRQHandler
                0x00004720                RTC_Seconds_IRQHandler
                0x00004720                MCG_IRQHandler
                0x00004720                UART2_IRQHandler
                0x00004720                Default_Handler
                0x00004720                LLW_IRQHandler
                0x00004720                PIT_IRQHandler
                0x00004720                SVC_Handler
                0x00004720                USBOTG_IRQHandler
                0x00004720                DMA3_IRQHandler
                0x00004720                DMA0_IRQHandler
                0x00004720                DAC0_IRQHandler
                0x00004720                PMC_IRQHandler
                0x00004720                SPI0_IRQHandler
                0x00004720                FTM0_IRQHandler
                0x00004720                PORTA_IRQHandler
                0x00004720                MCM_IRQHandler
                0x00004720                FTFL_IRQHandler
                0x00004720                FTM2_IRQHandler
                0x00004720                CMP0_IRQHandler
                0x00004720                DMA1_IRQHandler
 .text.__init_hardware
                0x0000472c       0x2c ./Project_Settings/Startup_Code/kinetis_sysinit.o
                0x0000472c                __init_hardware
 .text.zero_fill_bss
                0x00004758       0x24 ./Project_Settings/Startup_Code/__arm_start.o
 .text.__thumb_startup
                0x0000477c       0x30 ./Project_Settings/Startup_Code/__arm_start.o
                0x0000477c                __thumb_startup
 .text._ExitProcess
                0x000047ac        0xc ./Project_Settings/Startup_Code/__arm_end.o
                0x000047ac                _ExitProcess
 .text.main     0x000047b8      0x8c0 ./Sources/Pixy2_test.o
                0x000047b8                main
 .text.Init_Pixy2
                0x00005078       0x64 ./Sources/Pixy2_test.o
                0x00005078                Init_Pixy2
 *fill*         0x000050dc        0x4 00
 .text.get_velocity
                0x000050e0      0x408 ./Sources/Pixy2_test.o
                0x000050e0                get_velocity
 .text.Init_Everything
                0x000054e8       0x60 ./Sources/Pixy2_test.o
                0x000054e8                Init_Everything
 .text.sprintf  0x00005548       0x1a C:/Freescale/CW MCU v11.0/MCU/ARM_GCC_Support/ewl/lib/armv6-m\libc.a(sprintf.o)
                0x00005548                sprintf
 *fill*         0x00005562        0x2 00
 .text.exit     0x00005564       0x38 C:/Freescale/CW MCU v11.0/MCU/ARM_GCC_Support/ewl/lib/armv6-m\libc.a(exit.o)
                0x00005564                exit
 .text.memset   0x0000559c        0xc C:/Freescale/CW MCU v11.0/MCU/ARM_GCC_Support/ewl/lib/armv6-m\libc.a(memset.o)
                0x0000559c                memset
 .text.__fill_mem
                0x000055a8       0x7e C:/Freescale/CW MCU v11.0/MCU/ARM_GCC_Support/ewl/lib/armv6-m\libc.a(__filll_mem.o)
                0x000055a8                __fill_mem
 *fill*         0x00005626        0x2 00
 .text.long2str.isra.0
                0x00005628      0x19c C:/Freescale/CW MCU v11.0/MCU/ARM_GCC_Support/ewl/lib/armv6-m\libc.a(printformat_.o)
 .text.__pformatter_
                0x000057c4      0x428 C:/Freescale/CW MCU v11.0/MCU/ARM_GCC_Support/ewl/lib/armv6-m\libc.a(printformat_.o)
                0x000057c4                __pformatter_
 .text.__sformatter
                0x00005bec      0x698 C:/Freescale/CW MCU v11.0/MCU/ARM_GCC_Support/ewl/lib/armv6-m\libc.a(scanformat_.o)
                0x00005bec                __sformatter
 .text.isalpha  0x00006284       0x20 C:/Freescale/CW MCU v11.0/MCU/ARM_GCC_Support/ewl/lib/armv6-m\libc.a(ctype_aeabi.o)
                0x00006284                isalpha
 .text.isspace  0x000062a4       0x20 C:/Freescale/CW MCU v11.0/MCU/ARM_GCC_Support/ewl/lib/armv6-m\libc.a(ctype_aeabi.o)
                0x000062a4                isspace
 .text.toupper  0x000062c4        0xe C:/Freescale/CW MCU v11.0/MCU/ARM_GCC_Support/ewl/lib/armv6-m\libc.a(ctype_aeabi.o)
                0x000062c4                toupper
 .text.__StringWrite
                0x000062d2       0x26 C:/Freescale/CW MCU v11.0/MCU/ARM_GCC_Support/ewl/lib/armv6-m\libc.a(vsnprintf.o)
                0x000062d2                __StringWrite
 .text.vsnprintf
                0x000062f8       0x38 C:/Freescale/CW MCU v11.0/MCU/ARM_GCC_Support/ewl/lib/armv6-m\libc.a(vsnprintf.o)
                0x000062f8                vsnprintf
 .text.__strtoul
                0x00006330      0x1ce C:/Freescale/CW MCU v11.0/MCU/ARM_GCC_Support/ewl/lib/armv6-m\libc.a(__strtoul.o)
                0x00006330                __strtoul
 .text.strchr   0x000064fe       0x1e C:/Freescale/CW MCU v11.0/MCU/ARM_GCC_Support/ewl/lib/armv6-m\libc.a(strchr.o)
                0x000064fe                strchr
 .text.memcpy   0x0000651c       0x12 C:/Freescale/CW MCU v11.0/MCU/ARM_GCC_Support/ewl/lib/armv6-m\libc.a(memcpy.o)
                0x0000651c                memcpy
 .text.strlen   0x0000652e       0x10 C:/Freescale/CW MCU v11.0/MCU/ARM_GCC_Support/ewl/lib/armv6-m\libc.a(strlen.o)
                0x0000652e                strlen
 .text.memchr   0x0000653e       0x1a C:/Freescale/CW MCU v11.0/MCU/ARM_GCC_Support/ewl/lib/armv6-m\libc.a(memchr.o)
                0x0000653e                memchr
 .text.atan     0x00006558      0x358 C:/Freescale/CW MCU v11.0/MCU/ARM_GCC_Support/ewl/lib/armv6-m\libm.a(s_atan.o)
                0x00006558                atan
 .text.pow      0x000068b0        0x8 C:/Freescale/CW MCU v11.0/MCU/ARM_GCC_Support/ewl/lib/armv6-m\libm.a(w_pow.o)
                0x000068b0                pow
 .text.__ieee754_pow
                0x000068b8      0xb70 C:/Freescale/CW MCU v11.0/MCU/ARM_GCC_Support/ewl/lib/armv6-m\libm.a(e_pow.o)
                0x000068b8                __ieee754_pow
 .text.scalbn   0x00007428       0x14 C:/Freescale/CW MCU v11.0/MCU/ARM_GCC_Support/ewl/lib/armv6-m\libm.a(scalbn.o)
                0x00007428                scalbn
 .text.sqrt     0x0000743c        0x8 C:/Freescale/CW MCU v11.0/MCU/ARM_GCC_Support/ewl/lib/armv6-m\libm.a(w_sqrt.o)
                0x0000743c                sqrt
 .text.__fpclassifyd
                0x00007444       0x38 C:/Freescale/CW MCU v11.0/MCU/ARM_GCC_Support/ewl/lib/armv6-m\libm.a(math_api.o)
                0x00007444                __fpclassifyd
 *fill*         0x0000747c        0x4 00
 .text.frexp    0x00007480       0x80 C:/Freescale/CW MCU v11.0/MCU/ARM_GCC_Support/ewl/lib/armv6-m\libm.a(s_frexp.o)
                0x00007480                frexp
 .text.ldexp    0x00007500      0x148 C:/Freescale/CW MCU v11.0/MCU/ARM_GCC_Support/ewl/lib/armv6-m\libm.a(s_ldexp.o)
                0x00007500                ldexp
 .text.__ieee754_sqrt
                0x00007648      0x17c C:/Freescale/CW MCU v11.0/MCU/ARM_GCC_Support/ewl/lib/armv6-m\libm.a(e_sqrt.o)
                0x00007648                __ieee754_sqrt
 .text.__init_cpp
                0x000077c4       0x48 C:/Freescale/CW MCU v11.0/MCU/ARM_GCC_Support/ewl/lib/armv6-m\librt.a(gcc_ctor_dtor.o)
                0x000077c4                __init_cpp
 .text.__fini_cpp
                0x0000780c       0x34 C:/Freescale/CW MCU v11.0/MCU/ARM_GCC_Support/ewl/lib/armv6-m\librt.a(gcc_ctor_dtor.o)
                0x0000780c                __fini_cpp
 .text.__destroy_global_chain
                0x00007840       0x1c C:/Freescale/CW MCU v11.0/MCU/ARM_GCC_Support/ewl/lib/armv6-m\librt.a(__arm_eabi_init.o)
                0x00007840                __destroy_global_chain
 .text.__init_registers
                0x0000785c       0x1c C:/Freescale/CW MCU v11.0/MCU/ARM_GCC_Support/ewl/lib/armv6-m\librt.a(__arm_eabi_init.o)
                0x0000785c                __init_registers
 .text.__init_user
                0x00007878        0x4 C:/Freescale/CW MCU v11.0/MCU/ARM_GCC_Support/ewl/lib/armv6-m\librt.a(__arm_eabi_init.o)
                0x00007878                __init_user
 .text.__copy_rom_section
                0x0000787c       0x48 C:/Freescale/CW MCU v11.0/MCU/ARM_GCC_Support/ewl/lib/armv6-m\librt.a(ROMCopy.o)
                0x0000787c                __copy_rom_section
 .text.__copy_rom_sections_to_ram
                0x000078c4       0x34 C:/Freescale/CW MCU v11.0/MCU/ARM_GCC_Support/ewl/lib/armv6-m\librt.a(ROMCopy.o)
                0x000078c4                __copy_rom_sections_to_ram
 *(.rodata)
 .rodata        0x000078f8      0x1b8 ./Sources/Pixy2_test.o
 .rodata        0x00007ab0       0x40 c:/freescale/cw mcu v11.0/cross_tools/arm-none-eabi-gcc-4_7_3/bin/../lib/gcc/arm-none-eabi/4.7.3/armv6-m\libgcc.a(divsf3.o)
 .rodata        0x00007af0       0x40 c:/freescale/cw mcu v11.0/cross_tools/arm-none-eabi-gcc-4_7_3/bin/../lib/gcc/arm-none-eabi/4.7.3/armv6-m\libgcc.a(mulsf3.o)
 .rodata        0x00007b30       0x40 c:/freescale/cw mcu v11.0/cross_tools/arm-none-eabi-gcc-4_7_3/bin/../lib/gcc/arm-none-eabi/4.7.3/armv6-m\libgcc.a(divdf3.o)
 .rodata        0x00007b70       0x40 c:/freescale/cw mcu v11.0/cross_tools/arm-none-eabi-gcc-4_7_3/bin/../lib/gcc/arm-none-eabi/4.7.3/armv6-m\libgcc.a(muldf3.o)
 *(.rodata*)
 .rodata.str1.1
                0x00007bb0        0x1 C:/Freescale/CW MCU v11.0/MCU/ARM_GCC_Support/ewl/lib/armv6-m\libc.a(printformat_.o)
 .rodata.CSWTCH.20
                0x00007bb1        0x5 C:/Freescale/CW MCU v11.0/MCU/ARM_GCC_Support/ewl/lib/armv6-m\libc.a(printformat_.o)
 .rodata.CSWTCH.21
                0x00007bb6        0x5 C:/Freescale/CW MCU v11.0/MCU/ARM_GCC_Support/ewl/lib/armv6-m\libc.a(printformat_.o)
 .rodata.__aeabi_ctype_table_C
                0x00007bbb      0x101 C:/Freescale/CW MCU v11.0/MCU/ARM_GCC_Support/ewl/lib/armv6-m\libc.a(ctype_aeabi.o)
                0x00007bbb                __aeabi_ctype_table_C
 *fill*         0x00007cbc        0x4 00
 .rodata.atanlo
                0x00007cc0       0x20 C:/Freescale/CW MCU v11.0/MCU/ARM_GCC_Support/ewl/lib/armv6-m\libm.a(s_atan.o)
 .rodata.atanhi
                0x00007ce0       0x20 C:/Freescale/CW MCU v11.0/MCU/ARM_GCC_Support/ewl/lib/armv6-m\libm.a(s_atan.o)
 .rodata.dp_h   0x00007d00       0x10 C:/Freescale/CW MCU v11.0/MCU/ARM_GCC_Support/ewl/lib/armv6-m\libm.a(e_pow.o)
 .rodata.dp_l   0x00007d10       0x10 C:/Freescale/CW MCU v11.0/MCU/ARM_GCC_Support/ewl/lib/armv6-m\libm.a(e_pow.o)
 .rodata.bp     0x00007d20       0x10 C:/Freescale/CW MCU v11.0/MCU/ARM_GCC_Support/ewl/lib/armv6-m\libm.a(e_pow.o)
 *(.glue_7)
 .glue_7        0x00000000        0x0 linker stubs
 *(.glue_7t)
 .glue_7t       0x00000000        0x0 linker stubs
 *(.eh_frame)
 *(.init)
 *(.fini)
                0x00007d30                . = ALIGN (0x4)
                0x00007d30                _etext = .

.vfp11_veneer   0x00007d30        0x0
 .vfp11_veneer  0x00000000        0x0 linker stubs

.v4_bx          0x00007d30        0x0
 .v4_bx         0x00000000        0x0 linker stubs

.iplt           0x00007d30        0x0
 .iplt          0x00000000        0x0 ./Project_Headers/my_timers.o

.rel.dyn        0x00007d30        0x0
 .rel.iplt      0x00000000        0x0 ./Project_Headers/my_timers.o

.ARM.extab
 *(.ARM.extab* .gnu.linkonce.armextab.*)

.ARM            0x00007d30        0x0
                0x00007d30                __exidx_start = .
 *(.ARM.exidx*)
                0x00007d30                __exidx_end = .

.ctors          0x00007d30        0x0
                0x00007d30                __CTOR_LIST__ = .
 *crtbegin.o(.ctors)
 *(EXCLUDE_FILE(*crtend.o) .ctors)
 *(SORT(.ctors.*))
 *(.ctors)
                0x00007d30                __CTOR_END__ = .

.dtors          0x00007d30        0x0
                0x00007d30                __DTOR_LIST__ = .
 *crtbegin.o(.dtors)
 *(EXCLUDE_FILE(*crtend.o) .dtors)
 *(SORT(.dtors.*))
 *(.dtors)
                0x00007d30                __DTOR_END__ = .

.preinit_array  0x00007d30        0x0
                0x00007d30                PROVIDE (__preinit_array_start, .)
 *(.preinit_array*)
                0x00007d30                PROVIDE (__preinit_array_end, .)

.init_array     0x00007d30        0x0
                0x00007d30                PROVIDE (__init_array_start, .)
 *(SORT(.init_array.*))
 *(.init_array*)
                0x00007d30                PROVIDE (__init_array_end, .)

.fini_array     0x00007d30        0x0
                0x00007d30                PROVIDE (__fini_array_start, .)
 *(SORT(.fini_array.*))
 *(.fini_array*)
                0x00007d30                PROVIDE (__fini_array_end, .)
                0x00007d30                ___ROM_AT = .

.mtb            0x1ffff800        0x0
                0x1ffff800                . = ALIGN (0x8)
                0x1ffff800                _mtb_start = .
 *(.mtb_buf)
                0x1ffff800                . = ALIGN (0x8)
                0x1ffff800                _mtb_end = .

.data           0x1ffff800        0x8 load address 0x00007d30
                0x1ffff800                . = ALIGN (0x4)
                0x1ffff800                _sdata = .
 *(.data)
 *(.data*)
 .data.__double_nan
                0x1ffff800        0x8 C:/Freescale/CW MCU v11.0/MCU/ARM_GCC_Support/ewl/lib/armv6-m\libm.a(float.o)
                0x1ffff800                __double_nan
                0x1ffff808                . = ALIGN (0x4)
                0x1ffff808                _edata = .
                0x00000008                ___data_size = (_edata - _sdata)

.igot.plt       0x1ffff808        0x0 load address 0x00007d38
 .igot.plt      0x00000000        0x0 ./Project_Headers/my_timers.o
                0x1ffff808                . = ALIGN (0x4)

.bss            0x1ffff808     0x1c74 load address 0x00007d38
                0x1ffff808                __START_BSS = .
                0x1ffff808                PROVIDE (__bss_start__, __START_BSS)
 *(.bss)
 *(.bss*)
 .bss.argv      0x1ffff808        0x4 ./Project_Settings/Startup_Code/__arm_start.o
 .bss.velocity_index
                0x1ffff80c        0x4 ./Sources/Pixy2_test.o
                0x1ffff80c                velocity_index
 .bss.miss_counter.6099
                0x1ffff810        0x4 ./Sources/Pixy2_test.o
 .bss.__stdio_exit
                0x1ffff814        0x4 C:/Freescale/CW MCU v11.0/MCU/ARM_GCC_Support/ewl/lib/armv6-m\libc.a(exit.o)
                0x1ffff814                __stdio_exit
 .bss.__console_exit
                0x1ffff818        0x4 C:/Freescale/CW MCU v11.0/MCU/ARM_GCC_Support/ewl/lib/armv6-m\libc.a(exit.o)
                0x1ffff818                __console_exit
 .bss.__global_destructor_chain
                0x1ffff81c        0x4 C:/Freescale/CW MCU v11.0/MCU/ARM_GCC_Support/ewl/lib/armv6-m\librt.a(__arm_eabi_init.o)
                0x1ffff81c                __global_destructor_chain
 .bss.__S_romp  0x1ffff820        0xc C:/Freescale/CW MCU v11.0/MCU/ARM_GCC_Support/ewl/lib/armv6-m\librt.a(ROMCopy.o)
 *(COMMON)
 COMMON         0x1ffff82c        0x4 ./Project_Headers/my_sys_ticks.o
                0x1ffff82c                sys_ticks
 COMMON         0x1ffff830        0x4 ./Project_Headers/my_ssd1306.o
                0x1ffff830                wait_cnt
 COMMON         0x1ffff834     0x1c44 ./Sources/Pixy2_test.o
                0x1ffff834                firmwareMinor
                0x1ffff836                frameHeight
                0x1ffff838                velocity_points
                0x20001438                firmwareBuild
                0x2000143c                y_vel
                0x20001440                frameWidth
                0x20001442                firmwareMajor
                0x20001443                test
                0x20001444                x_pos
                0x20001448                cameraFPS
                0x2000144c                angle
                0x20001450                pixy2
                0x20001460                x_vel
                0x20001464                frame
                0x20001468                hardware
                0x2000146c                t_vel
                0x20001470                y_pos
                0x20001474                v_time
 COMMON         0x20001478        0x4 C:/Freescale/CW MCU v11.0/MCU/ARM_GCC_Support/ewl/lib/armv6-m\libc.a(errno.o)
                0x20001478                errno
                0x2000147c                . = ALIGN (0x4)
                0x2000147c                __END_BSS = .
                0x2000147c                PROVIDE (__bss_end__, __END_BSS)
                0x00007d38                _romp_at = (___ROM_AT + SIZEOF (.data))

.romp           0x2000147c       0x18 load address 0x00007d38
                0x00007d38                __S_romp = _romp_at
                0x2000147c        0x4 LONG 0x7d30 ___ROM_AT
                0x20001480        0x4 LONG 0x1ffff800 _sdata
                0x20001484        0x4 LONG 0x8 ___data_size
                0x20001488        0x4 LONG 0x0
                0x2000148c        0x4 LONG 0x0
                0x20001490        0x4 LONG 0x0

._user_heap_stack
                0x20001494      0x200 load address 0x00007d50
                0x20001494                . = ALIGN (0x4)
                0x20001494                PROVIDE (end, .)
                0x20001494                PROVIDE (_end, .)
                0x20001494                __heap_addr = .
                0x20001594                . = (. + __heap_size)
 *fill*         0x20001494      0x100 00
                0x20001694                . = (. + __stack_size)
 *fill*         0x20001594      0x100 00
                0x20001694                . = ALIGN (0x4)

.ARM.attributes
                0x00000000       0x31
 *(.ARM.attributes)
 .ARM.attributes
                0x00000000       0x31 ./Project_Headers/my_sys_ticks.o
 .ARM.attributes
                0x00000031       0x31 ./Project_Headers/my_ssd1306.o
 .ARM.attributes
                0x00000062       0x31 ./Project_Headers/my_i2c.o
 .ARM.attributes
                0x00000093       0x31 ./Project_Headers/my_adc.o
 .ARM.attributes
                0x000000c4       0x31 ./Project_Headers/my_UART.o
 .ARM.attributes
                0x000000f5       0x31 ./Project_Headers/my_Pixy2.o
 .ARM.attributes
                0x00000126       0x31 ./Project_Headers/mcg.o
 .ARM.attributes
                0x00000157       0x31 ./Project_Headers/arm_cm0.o
 .ARM.attributes
                0x00000188       0x31 ./Project_Settings/Startup_Code/kinetis_sysinit.o
 .ARM.attributes
                0x000001b9       0x31 ./Project_Settings/Startup_Code/__arm_start.o
 .ARM.attributes
                0x000001ea       0x31 ./Project_Settings/Startup_Code/__arm_end.o
 .ARM.attributes
                0x0000021b       0x31 ./Sources/Pixy2_test.o
 .ARM.attributes
                0x0000024c       0x31 C:/Freescale/CW MCU v11.0/MCU/ARM_GCC_Support/ewl/lib/armv6-m\libc.a(sprintf.o)
 .ARM.attributes
                0x0000027d       0x31 C:/Freescale/CW MCU v11.0/MCU/ARM_GCC_Support/ewl/lib/armv6-m\libc.a(exit.o)
 .ARM.attributes
                0x000002ae       0x31 C:/Freescale/CW MCU v11.0/MCU/ARM_GCC_Support/ewl/lib/armv6-m\libc.a(memset.o)
 .ARM.attributes
                0x000002df       0x31 C:/Freescale/CW MCU v11.0/MCU/ARM_GCC_Support/ewl/lib/armv6-m\libc.a(__filll_mem.o)
 .ARM.attributes
                0x00000310       0x31 C:/Freescale/CW MCU v11.0/MCU/ARM_GCC_Support/ewl/lib/armv6-m\libc.a(printformat_.o)
 .ARM.attributes
                0x00000341       0x31 C:/Freescale/CW MCU v11.0/MCU/ARM_GCC_Support/ewl/lib/armv6-m\libc.a(scanformat_.o)
 .ARM.attributes
                0x00000372       0x31 C:/Freescale/CW MCU v11.0/MCU/ARM_GCC_Support/ewl/lib/armv6-m\libc.a(ctype_aeabi.o)
 .ARM.attributes
                0x000003a3       0x31 C:/Freescale/CW MCU v11.0/MCU/ARM_GCC_Support/ewl/lib/armv6-m\libc.a(vsnprintf.o)
 .ARM.attributes
                0x000003d4       0x31 C:/Freescale/CW MCU v11.0/MCU/ARM_GCC_Support/ewl/lib/armv6-m\libc.a(__strtoul.o)
 .ARM.attributes
                0x00000405       0x31 C:/Freescale/CW MCU v11.0/MCU/ARM_GCC_Support/ewl/lib/armv6-m\libc.a(strchr.o)
 .ARM.attributes
                0x00000436       0x31 C:/Freescale/CW MCU v11.0/MCU/ARM_GCC_Support/ewl/lib/armv6-m\libc.a(memcpy.o)
 .ARM.attributes
                0x00000467       0x31 C:/Freescale/CW MCU v11.0/MCU/ARM_GCC_Support/ewl/lib/armv6-m\libc.a(strlen.o)
 .ARM.attributes
                0x00000498       0x31 C:/Freescale/CW MCU v11.0/MCU/ARM_GCC_Support/ewl/lib/armv6-m\libc.a(memchr.o)
 .ARM.attributes
                0x000004c9       0x31 C:/Freescale/CW MCU v11.0/MCU/ARM_GCC_Support/ewl/lib/armv6-m\libm.a(s_atan.o)
 .ARM.attributes
                0x000004fa       0x31 C:/Freescale/CW MCU v11.0/MCU/ARM_GCC_Support/ewl/lib/armv6-m\libm.a(w_pow.o)
 .ARM.attributes
                0x0000052b       0x31 C:/Freescale/CW MCU v11.0/MCU/ARM_GCC_Support/ewl/lib/armv6-m\libm.a(e_pow.o)
 .ARM.attributes
                0x0000055c       0x31 C:/Freescale/CW MCU v11.0/MCU/ARM_GCC_Support/ewl/lib/armv6-m\libm.a(scalbn.o)
 .ARM.attributes
                0x0000058d       0x31 C:/Freescale/CW MCU v11.0/MCU/ARM_GCC_Support/ewl/lib/armv6-m\libm.a(w_sqrt.o)
 .ARM.attributes
                0x000005be       0x31 C:/Freescale/CW MCU v11.0/MCU/ARM_GCC_Support/ewl/lib/armv6-m\libm.a(math_api.o)
 .ARM.attributes
                0x000005ef       0x31 C:/Freescale/CW MCU v11.0/MCU/ARM_GCC_Support/ewl/lib/armv6-m\libm.a(float.o)
 .ARM.attributes
                0x00000620       0x31 C:/Freescale/CW MCU v11.0/MCU/ARM_GCC_Support/ewl/lib/armv6-m\libm.a(s_frexp.o)
 .ARM.attributes
                0x00000651       0x31 C:/Freescale/CW MCU v11.0/MCU/ARM_GCC_Support/ewl/lib/armv6-m\libm.a(s_ldexp.o)
 .ARM.attributes
                0x00000682       0x31 C:/Freescale/CW MCU v11.0/MCU/ARM_GCC_Support/ewl/lib/armv6-m\libm.a(e_sqrt.o)
 .ARM.attributes
                0x000006b3       0x1e c:/freescale/cw mcu v11.0/cross_tools/arm-none-eabi-gcc-4_7_3/bin/../lib/gcc/arm-none-eabi/4.7.3/armv6-m\libgcc.a(_thumb1_case_sqi.o)
 .ARM.attributes
                0x000006d1       0x1e c:/freescale/cw mcu v11.0/cross_tools/arm-none-eabi-gcc-4_7_3/bin/../lib/gcc/arm-none-eabi/4.7.3/armv6-m\libgcc.a(_thumb1_case_uqi.o)
 .ARM.attributes
                0x000006ef       0x1e c:/freescale/cw mcu v11.0/cross_tools/arm-none-eabi-gcc-4_7_3/bin/../lib/gcc/arm-none-eabi/4.7.3/armv6-m\libgcc.a(_udivsi3.o)
 .ARM.attributes
                0x0000070d       0x1e c:/freescale/cw mcu v11.0/cross_tools/arm-none-eabi-gcc-4_7_3/bin/../lib/gcc/arm-none-eabi/4.7.3/armv6-m\libgcc.a(_divsi3.o)
 .ARM.attributes
                0x0000072b       0x1e c:/freescale/cw mcu v11.0/cross_tools/arm-none-eabi-gcc-4_7_3/bin/../lib/gcc/arm-none-eabi/4.7.3/armv6-m\libgcc.a(_dvmd_tls.o)
 .ARM.attributes
                0x00000749       0x1e c:/freescale/cw mcu v11.0/cross_tools/arm-none-eabi-gcc-4_7_3/bin/../lib/gcc/arm-none-eabi/4.7.3/armv6-m\libgcc.a(_arm_cmpdf2.o)
 .ARM.attributes
                0x00000767       0x1e c:/freescale/cw mcu v11.0/cross_tools/arm-none-eabi-gcc-4_7_3/bin/../lib/gcc/arm-none-eabi/4.7.3/armv6-m\libgcc.a(_arm_cmpsf2.o)
 .ARM.attributes
                0x00000785       0x2c c:/freescale/cw mcu v11.0/cross_tools/arm-none-eabi-gcc-4_7_3/bin/../lib/gcc/arm-none-eabi/4.7.3/armv6-m\libgcc.a(addsf3.o)
 .ARM.attributes
                0x000007b1       0x2c c:/freescale/cw mcu v11.0/cross_tools/arm-none-eabi-gcc-4_7_3/bin/../lib/gcc/arm-none-eabi/4.7.3/armv6-m\libgcc.a(divsf3.o)
 .ARM.attributes
                0x000007dd       0x2c c:/freescale/cw mcu v11.0/cross_tools/arm-none-eabi-gcc-4_7_3/bin/../lib/gcc/arm-none-eabi/4.7.3/armv6-m\libgcc.a(eqsf2.o)
 .ARM.attributes
                0x00000809       0x2c c:/freescale/cw mcu v11.0/cross_tools/arm-none-eabi-gcc-4_7_3/bin/../lib/gcc/arm-none-eabi/4.7.3/armv6-m\libgcc.a(gesf2.o)
 .ARM.attributes
                0x00000835       0x2c c:/freescale/cw mcu v11.0/cross_tools/arm-none-eabi-gcc-4_7_3/bin/../lib/gcc/arm-none-eabi/4.7.3/armv6-m\libgcc.a(lesf2.o)
 .ARM.attributes
                0x00000861       0x2c c:/freescale/cw mcu v11.0/cross_tools/arm-none-eabi-gcc-4_7_3/bin/../lib/gcc/arm-none-eabi/4.7.3/armv6-m\libgcc.a(mulsf3.o)
 .ARM.attributes
                0x0000088d       0x2c c:/freescale/cw mcu v11.0/cross_tools/arm-none-eabi-gcc-4_7_3/bin/../lib/gcc/arm-none-eabi/4.7.3/armv6-m\libgcc.a(subsf3.o)
 .ARM.attributes
                0x000008b9       0x2c c:/freescale/cw mcu v11.0/cross_tools/arm-none-eabi-gcc-4_7_3/bin/../lib/gcc/arm-none-eabi/4.7.3/armv6-m\libgcc.a(floatsisf.o)
 .ARM.attributes
                0x000008e5       0x2c c:/freescale/cw mcu v11.0/cross_tools/arm-none-eabi-gcc-4_7_3/bin/../lib/gcc/arm-none-eabi/4.7.3/armv6-m\libgcc.a(adddf3.o)
 .ARM.attributes
                0x00000911       0x2c c:/freescale/cw mcu v11.0/cross_tools/arm-none-eabi-gcc-4_7_3/bin/../lib/gcc/arm-none-eabi/4.7.3/armv6-m\libgcc.a(divdf3.o)
 .ARM.attributes
                0x0000093d       0x2c c:/freescale/cw mcu v11.0/cross_tools/arm-none-eabi-gcc-4_7_3/bin/../lib/gcc/arm-none-eabi/4.7.3/armv6-m\libgcc.a(eqdf2.o)
 .ARM.attributes
                0x00000969       0x2c c:/freescale/cw mcu v11.0/cross_tools/arm-none-eabi-gcc-4_7_3/bin/../lib/gcc/arm-none-eabi/4.7.3/armv6-m\libgcc.a(gedf2.o)
 .ARM.attributes
                0x00000995       0x2c c:/freescale/cw mcu v11.0/cross_tools/arm-none-eabi-gcc-4_7_3/bin/../lib/gcc/arm-none-eabi/4.7.3/armv6-m\libgcc.a(ledf2.o)
 .ARM.attributes
                0x000009c1       0x2c c:/freescale/cw mcu v11.0/cross_tools/arm-none-eabi-gcc-4_7_3/bin/../lib/gcc/arm-none-eabi/4.7.3/armv6-m\libgcc.a(muldf3.o)
 .ARM.attributes
                0x000009ed       0x2c c:/freescale/cw mcu v11.0/cross_tools/arm-none-eabi-gcc-4_7_3/bin/../lib/gcc/arm-none-eabi/4.7.3/armv6-m\libgcc.a(subdf3.o)
 .ARM.attributes
                0x00000a19       0x2c c:/freescale/cw mcu v11.0/cross_tools/arm-none-eabi-gcc-4_7_3/bin/../lib/gcc/arm-none-eabi/4.7.3/armv6-m\libgcc.a(floatsidf.o)
 .ARM.attributes
                0x00000a45       0x2c c:/freescale/cw mcu v11.0/cross_tools/arm-none-eabi-gcc-4_7_3/bin/../lib/gcc/arm-none-eabi/4.7.3/armv6-m\libgcc.a(extendsfdf2.o)
 .ARM.attributes
                0x00000a71       0x2c c:/freescale/cw mcu v11.0/cross_tools/arm-none-eabi-gcc-4_7_3/bin/../lib/gcc/arm-none-eabi/4.7.3/armv6-m\libgcc.a(truncdfsf2.o)
 .ARM.attributes
                0x00000a9d       0x1e c:/freescale/cw mcu v11.0/cross_tools/arm-none-eabi-gcc-4_7_3/bin/../lib/gcc/arm-none-eabi/4.7.3/armv6-m\libgcc.a(_clzsi2.o)
 .ARM.attributes
                0x00000abb       0x31 C:/Freescale/CW MCU v11.0/MCU/ARM_GCC_Support/ewl/lib/armv6-m\librt.a(gcc_ctor_dtor.o)
 .ARM.attributes
                0x00000aec       0x31 C:/Freescale/CW MCU v11.0/MCU/ARM_GCC_Support/ewl/lib/armv6-m\librt.a(__arm_eabi_init.o)
 .ARM.attributes
                0x00000b1d       0x31 C:/Freescale/CW MCU v11.0/MCU/ARM_GCC_Support/ewl/lib/armv6-m\librt.a(ROMCopy.o)
 .ARM.attributes
                0x00000b4e       0x31 C:/Freescale/CW MCU v11.0/MCU/ARM_GCC_Support/ewl/lib/armv6-m\libc.a(errno.o)
OUTPUT(Hole_In_One.elf elf32-littlearm)

.debug_info     0x00000000     0x6e8b
 .debug_info    0x00000000      0x110 ./Project_Headers/my_sys_ticks.o
 .debug_info    0x00000110      0x2bc ./Project_Headers/my_ssd1306.o
 .debug_info    0x000003cc      0x882 ./Project_Headers/my_i2c.o
 .debug_info    0x00000c4e      0x492 ./Project_Headers/my_adc.o
 .debug_info    0x000010e0      0x4c2 ./Project_Headers/my_UART.o
 .debug_info    0x000015a2      0x514 ./Project_Headers/my_Pixy2.o
 .debug_info    0x00001ab6      0xf84 ./Project_Headers/mcg.o
 .debug_info    0x00002a3a      0x3cb ./Project_Headers/arm_cm0.o
 .debug_info    0x00002e05      0x447 ./Project_Settings/Startup_Code/kinetis_sysinit.o
 .debug_info    0x0000324c      0x12a ./Project_Settings/Startup_Code/__arm_start.o
 .debug_info    0x00003376       0x54 ./Project_Settings/Startup_Code/__arm_end.o
 .debug_info    0x000033ca      0x5aa ./Sources/Pixy2_test.o
 .debug_info    0x00003974      0x11e C:/Freescale/CW MCU v11.0/MCU/ARM_GCC_Support/ewl/lib/armv6-m\libc.a(sprintf.o)
 .debug_info    0x00003a92       0xe8 C:/Freescale/CW MCU v11.0/MCU/ARM_GCC_Support/ewl/lib/armv6-m\libc.a(exit.o)
 .debug_info    0x00003b7a       0xec C:/Freescale/CW MCU v11.0/MCU/ARM_GCC_Support/ewl/lib/armv6-m\libc.a(memset.o)
 .debug_info    0x00003c66      0x137 C:/Freescale/CW MCU v11.0/MCU/ARM_GCC_Support/ewl/lib/armv6-m\libc.a(__filll_mem.o)
 .debug_info    0x00003d9d      0x50d C:/Freescale/CW MCU v11.0/MCU/ARM_GCC_Support/ewl/lib/armv6-m\libc.a(printformat_.o)
 .debug_info    0x000042aa      0x568 C:/Freescale/CW MCU v11.0/MCU/ARM_GCC_Support/ewl/lib/armv6-m\libc.a(scanformat_.o)
 .debug_info    0x00004812      0x313 C:/Freescale/CW MCU v11.0/MCU/ARM_GCC_Support/ewl/lib/armv6-m\libc.a(ctype_aeabi.o)
 .debug_info    0x00004b25      0x205 C:/Freescale/CW MCU v11.0/MCU/ARM_GCC_Support/ewl/lib/armv6-m\libc.a(vsnprintf.o)
 .debug_info    0x00004d2a      0x1d6 C:/Freescale/CW MCU v11.0/MCU/ARM_GCC_Support/ewl/lib/armv6-m\libc.a(__strtoul.o)
 .debug_info    0x00004f00      0x10b C:/Freescale/CW MCU v11.0/MCU/ARM_GCC_Support/ewl/lib/armv6-m\libc.a(strchr.o)
 .debug_info    0x0000500b      0x10f C:/Freescale/CW MCU v11.0/MCU/ARM_GCC_Support/ewl/lib/armv6-m\libc.a(memcpy.o)
 .debug_info    0x0000511a       0xea C:/Freescale/CW MCU v11.0/MCU/ARM_GCC_Support/ewl/lib/armv6-m\libc.a(strlen.o)
 .debug_info    0x00005204      0x121 C:/Freescale/CW MCU v11.0/MCU/ARM_GCC_Support/ewl/lib/armv6-m\libc.a(memchr.o)
 .debug_info    0x00005325      0x23a C:/Freescale/CW MCU v11.0/MCU/ARM_GCC_Support/ewl/lib/armv6-m\libm.a(s_atan.o)
 .debug_info    0x0000555f       0xc0 C:/Freescale/CW MCU v11.0/MCU/ARM_GCC_Support/ewl/lib/armv6-m\libm.a(w_pow.o)
 .debug_info    0x0000561f      0x5c7 C:/Freescale/CW MCU v11.0/MCU/ARM_GCC_Support/ewl/lib/armv6-m\libm.a(e_pow.o)
 .debug_info    0x00005be6       0xf9 C:/Freescale/CW MCU v11.0/MCU/ARM_GCC_Support/ewl/lib/armv6-m\libm.a(scalbn.o)
 .debug_info    0x00005cdf       0xb3 C:/Freescale/CW MCU v11.0/MCU/ARM_GCC_Support/ewl/lib/armv6-m\libm.a(w_sqrt.o)
 .debug_info    0x00005d92      0x305 C:/Freescale/CW MCU v11.0/MCU/ARM_GCC_Support/ewl/lib/armv6-m\libm.a(math_api.o)
 .debug_info    0x00006097      0x1e4 C:/Freescale/CW MCU v11.0/MCU/ARM_GCC_Support/ewl/lib/armv6-m\libm.a(float.o)
 .debug_info    0x0000627b      0x1a1 C:/Freescale/CW MCU v11.0/MCU/ARM_GCC_Support/ewl/lib/armv6-m\libm.a(s_frexp.o)
 .debug_info    0x0000641c      0x1e2 C:/Freescale/CW MCU v11.0/MCU/ARM_GCC_Support/ewl/lib/armv6-m\libm.a(s_ldexp.o)
 .debug_info    0x000065fe      0x266 C:/Freescale/CW MCU v11.0/MCU/ARM_GCC_Support/ewl/lib/armv6-m\libm.a(e_sqrt.o)
 .debug_info    0x00006864      0x136 C:/Freescale/CW MCU v11.0/MCU/ARM_GCC_Support/ewl/lib/armv6-m\librt.a(gcc_ctor_dtor.o)
 .debug_info    0x0000699a      0x2b9 C:/Freescale/CW MCU v11.0/MCU/ARM_GCC_Support/ewl/lib/armv6-m\librt.a(__arm_eabi_init.o)
 .debug_info    0x00006c53      0x19b C:/Freescale/CW MCU v11.0/MCU/ARM_GCC_Support/ewl/lib/armv6-m\librt.a(ROMCopy.o)
 .debug_info    0x00006dee       0x9d C:/Freescale/CW MCU v11.0/MCU/ARM_GCC_Support/ewl/lib/armv6-m\libc.a(errno.o)

.debug_abbrev   0x00000000     0x211b
 .debug_abbrev  0x00000000       0xa5 ./Project_Headers/my_sys_ticks.o
 .debug_abbrev  0x000000a5       0xc7 ./Project_Headers/my_ssd1306.o
 .debug_abbrev  0x0000016c      0x1a7 ./Project_Headers/my_i2c.o
 .debug_abbrev  0x00000313      0x104 ./Project_Headers/my_adc.o
 .debug_abbrev  0x00000417      0x122 ./Project_Headers/my_UART.o
 .debug_abbrev  0x00000539       0xec ./Project_Headers/my_Pixy2.o
 .debug_abbrev  0x00000625      0x18d ./Project_Headers/mcg.o
 .debug_abbrev  0x000007b2      0x102 ./Project_Headers/arm_cm0.o
 .debug_abbrev  0x000008b4       0xe7 ./Project_Settings/Startup_Code/kinetis_sysinit.o
 .debug_abbrev  0x0000099b       0x92 ./Project_Settings/Startup_Code/__arm_start.o
 .debug_abbrev  0x00000a2d       0x4c ./Project_Settings/Startup_Code/__arm_end.o
 .debug_abbrev  0x00000a79      0x12e ./Sources/Pixy2_test.o
 .debug_abbrev  0x00000ba7       0xb1 C:/Freescale/CW MCU v11.0/MCU/ARM_GCC_Support/ewl/lib/armv6-m\libc.a(sprintf.o)
 .debug_abbrev  0x00000c58       0x7a C:/Freescale/CW MCU v11.0/MCU/ARM_GCC_Support/ewl/lib/armv6-m\libc.a(exit.o)
 .debug_abbrev  0x00000cd2       0x62 C:/Freescale/CW MCU v11.0/MCU/ARM_GCC_Support/ewl/lib/armv6-m\libc.a(memset.o)
 .debug_abbrev  0x00000d34       0x78 C:/Freescale/CW MCU v11.0/MCU/ARM_GCC_Support/ewl/lib/armv6-m\libc.a(__filll_mem.o)
 .debug_abbrev  0x00000dac      0x200 C:/Freescale/CW MCU v11.0/MCU/ARM_GCC_Support/ewl/lib/armv6-m\libc.a(printformat_.o)
 .debug_abbrev  0x00000fac      0x1f0 C:/Freescale/CW MCU v11.0/MCU/ARM_GCC_Support/ewl/lib/armv6-m\libc.a(scanformat_.o)
 .debug_abbrev  0x0000119c       0x9e C:/Freescale/CW MCU v11.0/MCU/ARM_GCC_Support/ewl/lib/armv6-m\libc.a(ctype_aeabi.o)
 .debug_abbrev  0x0000123a       0xf0 C:/Freescale/CW MCU v11.0/MCU/ARM_GCC_Support/ewl/lib/armv6-m\libc.a(vsnprintf.o)
 .debug_abbrev  0x0000132a       0xc2 C:/Freescale/CW MCU v11.0/MCU/ARM_GCC_Support/ewl/lib/armv6-m\libc.a(__strtoul.o)
 .debug_abbrev  0x000013ec       0x7a C:/Freescale/CW MCU v11.0/MCU/ARM_GCC_Support/ewl/lib/armv6-m\libc.a(strchr.o)
 .debug_abbrev  0x00001466       0x95 C:/Freescale/CW MCU v11.0/MCU/ARM_GCC_Support/ewl/lib/armv6-m\libc.a(memcpy.o)
 .debug_abbrev  0x000014fb       0x7a C:/Freescale/CW MCU v11.0/MCU/ARM_GCC_Support/ewl/lib/armv6-m\libc.a(strlen.o)
 .debug_abbrev  0x00001575       0x95 C:/Freescale/CW MCU v11.0/MCU/ARM_GCC_Support/ewl/lib/armv6-m\libc.a(memchr.o)
 .debug_abbrev  0x0000160a       0xed C:/Freescale/CW MCU v11.0/MCU/ARM_GCC_Support/ewl/lib/armv6-m\libm.a(s_atan.o)
 .debug_abbrev  0x000016f7       0x59 C:/Freescale/CW MCU v11.0/MCU/ARM_GCC_Support/ewl/lib/armv6-m\libm.a(w_pow.o)
 .debug_abbrev  0x00001750      0x157 C:/Freescale/CW MCU v11.0/MCU/ARM_GCC_Support/ewl/lib/armv6-m\libm.a(e_pow.o)
 .debug_abbrev  0x000018a7       0x86 C:/Freescale/CW MCU v11.0/MCU/ARM_GCC_Support/ewl/lib/armv6-m\libm.a(scalbn.o)
 .debug_abbrev  0x0000192d       0x59 C:/Freescale/CW MCU v11.0/MCU/ARM_GCC_Support/ewl/lib/armv6-m\libm.a(w_sqrt.o)
 .debug_abbrev  0x00001986       0xe8 C:/Freescale/CW MCU v11.0/MCU/ARM_GCC_Support/ewl/lib/armv6-m\libm.a(math_api.o)
 .debug_abbrev  0x00001a6e       0x56 C:/Freescale/CW MCU v11.0/MCU/ARM_GCC_Support/ewl/lib/armv6-m\libm.a(float.o)
 .debug_abbrev  0x00001ac4       0xce C:/Freescale/CW MCU v11.0/MCU/ARM_GCC_Support/ewl/lib/armv6-m\libm.a(s_frexp.o)
 .debug_abbrev  0x00001b92       0xce C:/Freescale/CW MCU v11.0/MCU/ARM_GCC_Support/ewl/lib/armv6-m\libm.a(s_ldexp.o)
 .debug_abbrev  0x00001c60      0x10b C:/Freescale/CW MCU v11.0/MCU/ARM_GCC_Support/ewl/lib/armv6-m\libm.a(e_sqrt.o)
 .debug_abbrev  0x00001d6b       0x99 C:/Freescale/CW MCU v11.0/MCU/ARM_GCC_Support/ewl/lib/armv6-m\librt.a(gcc_ctor_dtor.o)
 .debug_abbrev  0x00001e04      0x1b3 C:/Freescale/CW MCU v11.0/MCU/ARM_GCC_Support/ewl/lib/armv6-m\librt.a(__arm_eabi_init.o)
 .debug_abbrev  0x00001fb7      0x120 C:/Freescale/CW MCU v11.0/MCU/ARM_GCC_Support/ewl/lib/armv6-m\librt.a(ROMCopy.o)
 .debug_abbrev  0x000020d7       0x44 C:/Freescale/CW MCU v11.0/MCU/ARM_GCC_Support/ewl/lib/armv6-m\libc.a(errno.o)

.debug_loc      0x00000000     0x4f65
 .debug_loc     0x00000000       0x58 ./Project_Headers/my_sys_ticks.o
 .debug_loc     0x00000058      0x224 ./Project_Headers/my_ssd1306.o
 .debug_loc     0x0000027c      0x3cc ./Project_Headers/my_i2c.o
 .debug_loc     0x00000648       0x64 ./Project_Headers/my_adc.o
 .debug_loc     0x000006ac      0x100 ./Project_Headers/my_UART.o
 .debug_loc     0x000007ac      0x1f8 ./Project_Headers/my_Pixy2.o
 .debug_loc     0x000009a4      0x64c ./Project_Headers/mcg.o
 .debug_loc     0x00000ff0      0x138 ./Project_Headers/arm_cm0.o
 .debug_loc     0x00001128       0x58 ./Project_Settings/Startup_Code/kinetis_sysinit.o
 .debug_loc     0x00001180       0x2c ./Project_Settings/Startup_Code/__arm_start.o
 .debug_loc     0x000011ac       0x38 ./Project_Settings/Startup_Code/__arm_end.o
 .debug_loc     0x000011e4       0xfa ./Sources/Pixy2_test.o
 .debug_loc     0x000012de       0x3f C:/Freescale/CW MCU v11.0/MCU/ARM_GCC_Support/ewl/lib/armv6-m\libc.a(sprintf.o)
 .debug_loc     0x0000131d       0x3e C:/Freescale/CW MCU v11.0/MCU/ARM_GCC_Support/ewl/lib/armv6-m\libc.a(exit.o)
 .debug_loc     0x0000135b       0x6f C:/Freescale/CW MCU v11.0/MCU/ARM_GCC_Support/ewl/lib/armv6-m\libc.a(memset.o)
 .debug_loc     0x000013ca      0x14a C:/Freescale/CW MCU v11.0/MCU/ARM_GCC_Support/ewl/lib/armv6-m\libc.a(__filll_mem.o)
 .debug_loc     0x00001514     0x104b C:/Freescale/CW MCU v11.0/MCU/ARM_GCC_Support/ewl/lib/armv6-m\libc.a(printformat_.o)
 .debug_loc     0x0000255f      0x9d8 C:/Freescale/CW MCU v11.0/MCU/ARM_GCC_Support/ewl/lib/armv6-m\libc.a(scanformat_.o)
 .debug_loc     0x00002f37      0x30d C:/Freescale/CW MCU v11.0/MCU/ARM_GCC_Support/ewl/lib/armv6-m\libc.a(ctype_aeabi.o)
 .debug_loc     0x00003244      0x105 C:/Freescale/CW MCU v11.0/MCU/ARM_GCC_Support/ewl/lib/armv6-m\libc.a(vsnprintf.o)
 .debug_loc     0x00003349      0x305 C:/Freescale/CW MCU v11.0/MCU/ARM_GCC_Support/ewl/lib/armv6-m\libc.a(__strtoul.o)
 .debug_loc     0x0000364e       0xaf C:/Freescale/CW MCU v11.0/MCU/ARM_GCC_Support/ewl/lib/armv6-m\libc.a(strchr.o)
 .debug_loc     0x000036fd       0x59 C:/Freescale/CW MCU v11.0/MCU/ARM_GCC_Support/ewl/lib/armv6-m\libc.a(memcpy.o)
 .debug_loc     0x00003756       0x33 C:/Freescale/CW MCU v11.0/MCU/ARM_GCC_Support/ewl/lib/armv6-m\libc.a(strlen.o)
 .debug_loc     0x00003789       0x77 C:/Freescale/CW MCU v11.0/MCU/ARM_GCC_Support/ewl/lib/armv6-m\libc.a(memchr.o)
 .debug_loc     0x00003800      0x2dd C:/Freescale/CW MCU v11.0/MCU/ARM_GCC_Support/ewl/lib/armv6-m\libm.a(s_atan.o)
 .debug_loc     0x00003add       0x50 C:/Freescale/CW MCU v11.0/MCU/ARM_GCC_Support/ewl/lib/armv6-m\libm.a(w_pow.o)
 .debug_loc     0x00003b2d      0x962 C:/Freescale/CW MCU v11.0/MCU/ARM_GCC_Support/ewl/lib/armv6-m\libm.a(e_pow.o)
 .debug_loc     0x0000448f       0x6e C:/Freescale/CW MCU v11.0/MCU/ARM_GCC_Support/ewl/lib/armv6-m\libm.a(scalbn.o)
 .debug_loc     0x000044fd       0x38 C:/Freescale/CW MCU v11.0/MCU/ARM_GCC_Support/ewl/lib/armv6-m\libm.a(w_sqrt.o)
 .debug_loc     0x00004535      0x2d7 C:/Freescale/CW MCU v11.0/MCU/ARM_GCC_Support/ewl/lib/armv6-m\libm.a(math_api.o)
 .debug_loc     0x0000480c       0xc1 C:/Freescale/CW MCU v11.0/MCU/ARM_GCC_Support/ewl/lib/armv6-m\libm.a(s_frexp.o)
 .debug_loc     0x000048cd      0x16b C:/Freescale/CW MCU v11.0/MCU/ARM_GCC_Support/ewl/lib/armv6-m\libm.a(s_ldexp.o)
 .debug_loc     0x00004a38      0x220 C:/Freescale/CW MCU v11.0/MCU/ARM_GCC_Support/ewl/lib/armv6-m\libm.a(e_sqrt.o)
 .debug_loc     0x00004c58       0x9d C:/Freescale/CW MCU v11.0/MCU/ARM_GCC_Support/ewl/lib/armv6-m\librt.a(gcc_ctor_dtor.o)
 .debug_loc     0x00004cf5      0x197 C:/Freescale/CW MCU v11.0/MCU/ARM_GCC_Support/ewl/lib/armv6-m\librt.a(__arm_eabi_init.o)
 .debug_loc     0x00004e8c       0xd9 C:/Freescale/CW MCU v11.0/MCU/ARM_GCC_Support/ewl/lib/armv6-m\librt.a(ROMCopy.o)

.debug_aranges  0x00000000      0x850
 .debug_aranges
                0x00000000       0x28 ./Project_Headers/my_sys_ticks.o
 .debug_aranges
                0x00000028       0x68 ./Project_Headers/my_ssd1306.o
 .debug_aranges
                0x00000090       0xa8 ./Project_Headers/my_i2c.o
 .debug_aranges
                0x00000138       0x28 ./Project_Headers/my_adc.o
 .debug_aranges
                0x00000160       0x40 ./Project_Headers/my_UART.o
 .debug_aranges
                0x000001a0       0x60 ./Project_Headers/my_Pixy2.o
 .debug_aranges
                0x00000200      0x100 ./Project_Headers/mcg.o
 .debug_aranges
                0x00000300       0x48 ./Project_Headers/arm_cm0.o
 .debug_aranges
                0x00000348       0x28 ./Project_Settings/Startup_Code/kinetis_sysinit.o
 .debug_aranges
                0x00000370       0x30 ./Project_Settings/Startup_Code/__arm_start.o
 .debug_aranges
                0x000003a0       0x20 ./Project_Settings/Startup_Code/__arm_end.o
 .debug_aranges
                0x000003c0       0x38 ./Sources/Pixy2_test.o
 .debug_aranges
                0x000003f8       0x20 C:/Freescale/CW MCU v11.0/MCU/ARM_GCC_Support/ewl/lib/armv6-m\libc.a(sprintf.o)
 .debug_aranges
                0x00000418       0x20 C:/Freescale/CW MCU v11.0/MCU/ARM_GCC_Support/ewl/lib/armv6-m\libc.a(exit.o)
 .debug_aranges
                0x00000438       0x20 C:/Freescale/CW MCU v11.0/MCU/ARM_GCC_Support/ewl/lib/armv6-m\libc.a(memset.o)
 .debug_aranges
                0x00000458       0x20 C:/Freescale/CW MCU v11.0/MCU/ARM_GCC_Support/ewl/lib/armv6-m\libc.a(__filll_mem.o)
 .debug_aranges
                0x00000478       0x28 C:/Freescale/CW MCU v11.0/MCU/ARM_GCC_Support/ewl/lib/armv6-m\libc.a(printformat_.o)
 .debug_aranges
                0x000004a0       0x20 C:/Freescale/CW MCU v11.0/MCU/ARM_GCC_Support/ewl/lib/armv6-m\libc.a(scanformat_.o)
 .debug_aranges
                0x000004c0       0x88 C:/Freescale/CW MCU v11.0/MCU/ARM_GCC_Support/ewl/lib/armv6-m\libc.a(ctype_aeabi.o)
 .debug_aranges
                0x00000548       0x28 C:/Freescale/CW MCU v11.0/MCU/ARM_GCC_Support/ewl/lib/armv6-m\libc.a(vsnprintf.o)
 .debug_aranges
                0x00000570       0x20 C:/Freescale/CW MCU v11.0/MCU/ARM_GCC_Support/ewl/lib/armv6-m\libc.a(__strtoul.o)
 .debug_aranges
                0x00000590       0x20 C:/Freescale/CW MCU v11.0/MCU/ARM_GCC_Support/ewl/lib/armv6-m\libc.a(strchr.o)
 .debug_aranges
                0x000005b0       0x20 C:/Freescale/CW MCU v11.0/MCU/ARM_GCC_Support/ewl/lib/armv6-m\libc.a(memcpy.o)
 .debug_aranges
                0x000005d0       0x20 C:/Freescale/CW MCU v11.0/MCU/ARM_GCC_Support/ewl/lib/armv6-m\libc.a(strlen.o)
 .debug_aranges
                0x000005f0       0x20 C:/Freescale/CW MCU v11.0/MCU/ARM_GCC_Support/ewl/lib/armv6-m\libc.a(memchr.o)
 .debug_aranges
                0x00000610       0x20 C:/Freescale/CW MCU v11.0/MCU/ARM_GCC_Support/ewl/lib/armv6-m\libm.a(s_atan.o)
 .debug_aranges
                0x00000630       0x20 C:/Freescale/CW MCU v11.0/MCU/ARM_GCC_Support/ewl/lib/armv6-m\libm.a(w_pow.o)
 .debug_aranges
                0x00000650       0x20 C:/Freescale/CW MCU v11.0/MCU/ARM_GCC_Support/ewl/lib/armv6-m\libm.a(e_pow.o)
 .debug_aranges
                0x00000670       0x20 C:/Freescale/CW MCU v11.0/MCU/ARM_GCC_Support/ewl/lib/armv6-m\libm.a(scalbn.o)
 .debug_aranges
                0x00000690       0x20 C:/Freescale/CW MCU v11.0/MCU/ARM_GCC_Support/ewl/lib/armv6-m\libm.a(w_sqrt.o)
 .debug_aranges
                0x000006b0       0x60 C:/Freescale/CW MCU v11.0/MCU/ARM_GCC_Support/ewl/lib/armv6-m\libm.a(math_api.o)
 .debug_aranges
                0x00000710       0x18 C:/Freescale/CW MCU v11.0/MCU/ARM_GCC_Support/ewl/lib/armv6-m\libm.a(float.o)
 .debug_aranges
                0x00000728       0x20 C:/Freescale/CW MCU v11.0/MCU/ARM_GCC_Support/ewl/lib/armv6-m\libm.a(s_frexp.o)
 .debug_aranges
                0x00000748       0x20 C:/Freescale/CW MCU v11.0/MCU/ARM_GCC_Support/ewl/lib/armv6-m\libm.a(s_ldexp.o)
 .debug_aranges
                0x00000768       0x20 C:/Freescale/CW MCU v11.0/MCU/ARM_GCC_Support/ewl/lib/armv6-m\libm.a(e_sqrt.o)
 .debug_aranges
                0x00000788       0x28 C:/Freescale/CW MCU v11.0/MCU/ARM_GCC_Support/ewl/lib/armv6-m\librt.a(gcc_ctor_dtor.o)
 .debug_aranges
                0x000007b0       0x58 C:/Freescale/CW MCU v11.0/MCU/ARM_GCC_Support/ewl/lib/armv6-m\librt.a(__arm_eabi_init.o)
 .debug_aranges
                0x00000808       0x30 C:/Freescale/CW MCU v11.0/MCU/ARM_GCC_Support/ewl/lib/armv6-m\librt.a(ROMCopy.o)
 .debug_aranges
                0x00000838       0x18 C:/Freescale/CW MCU v11.0/MCU/ARM_GCC_Support/ewl/lib/armv6-m\libc.a(errno.o)

.debug_macinfo  0x00000000   0x18ac1e
 .debug_macinfo
                0x00000000    0x264cd ./Project_Headers/my_sys_ticks.o
 .debug_macinfo
                0x000264cd    0x26cf8 ./Project_Headers/my_ssd1306.o
 .debug_macinfo
                0x0004d1c5    0x269e3 ./Project_Headers/my_i2c.o
 .debug_macinfo
                0x00073ba8    0x264d4 ./Project_Headers/my_adc.o
 .debug_macinfo
                0x0009a07c    0x26579 ./Project_Headers/my_UART.o
 .debug_macinfo
                0x000c05f5    0x26cca ./Project_Headers/my_Pixy2.o
 .debug_macinfo
                0x000e72bf    0x265b5 ./Project_Headers/mcg.o
 .debug_macinfo
                0x0010d874    0x26567 ./Project_Headers/arm_cm0.o
 .debug_macinfo
                0x00133ddb    0x264f0 ./Project_Settings/Startup_Code/kinetis_sysinit.o
 .debug_macinfo
                0x0015a2cb     0x3e6d ./Project_Settings/Startup_Code/__arm_start.o
 .debug_macinfo
                0x0015e138     0x3456 ./Project_Settings/Startup_Code/__arm_end.o
 .debug_macinfo
                0x0016158e    0x29690 ./Sources/Pixy2_test.o

.debug_line     0x00000000     0x429c
 .debug_line    0x00000000      0x218 ./Project_Headers/my_sys_ticks.o
 .debug_line    0x00000218      0x2f1 ./Project_Headers/my_ssd1306.o
 .debug_line    0x00000509      0x48c ./Project_Headers/my_i2c.o
 .debug_line    0x00000995      0x219 ./Project_Headers/my_adc.o
 .debug_line    0x00000bae      0x274 ./Project_Headers/my_UART.o
 .debug_line    0x00000e22      0x2ee ./Project_Headers/my_Pixy2.o
 .debug_line    0x00001110      0x9c3 ./Project_Headers/mcg.o
 .debug_line    0x00001ad3      0x266 ./Project_Headers/arm_cm0.o
 .debug_line    0x00001d39      0x22f ./Project_Settings/Startup_Code/kinetis_sysinit.o
 .debug_line    0x00001f68      0x2b2 ./Project_Settings/Startup_Code/__arm_start.o
 .debug_line    0x0000221a      0x265 ./Project_Settings/Startup_Code/__arm_end.o
 .debug_line    0x0000247f      0x4d5 ./Sources/Pixy2_test.o
 .debug_line    0x00002954       0x93 C:/Freescale/CW MCU v11.0/MCU/ARM_GCC_Support/ewl/lib/armv6-m\libc.a(sprintf.o)
 .debug_line    0x000029e7       0x8d C:/Freescale/CW MCU v11.0/MCU/ARM_GCC_Support/ewl/lib/armv6-m\libc.a(exit.o)
 .debug_line    0x00002a74       0x90 C:/Freescale/CW MCU v11.0/MCU/ARM_GCC_Support/ewl/lib/armv6-m\libc.a(memset.o)
 .debug_line    0x00002b04       0xf6 C:/Freescale/CW MCU v11.0/MCU/ARM_GCC_Support/ewl/lib/armv6-m\libc.a(__filll_mem.o)
 .debug_line    0x00002bfa      0x2c3 C:/Freescale/CW MCU v11.0/MCU/ARM_GCC_Support/ewl/lib/armv6-m\libc.a(printformat_.o)
 .debug_line    0x00002ebd      0x2be C:/Freescale/CW MCU v11.0/MCU/ARM_GCC_Support/ewl/lib/armv6-m\libc.a(scanformat_.o)
 .debug_line    0x0000317b      0x1be C:/Freescale/CW MCU v11.0/MCU/ARM_GCC_Support/ewl/lib/armv6-m\libc.a(ctype_aeabi.o)
 .debug_line    0x00003339       0xd4 C:/Freescale/CW MCU v11.0/MCU/ARM_GCC_Support/ewl/lib/armv6-m\libc.a(vsnprintf.o)
 .debug_line    0x0000340d      0x11e C:/Freescale/CW MCU v11.0/MCU/ARM_GCC_Support/ewl/lib/armv6-m\libc.a(__strtoul.o)
 .debug_line    0x0000352b       0x7d C:/Freescale/CW MCU v11.0/MCU/ARM_GCC_Support/ewl/lib/armv6-m\libc.a(strchr.o)
 .debug_line    0x000035a8       0x8b C:/Freescale/CW MCU v11.0/MCU/ARM_GCC_Support/ewl/lib/armv6-m\libc.a(memcpy.o)
 .debug_line    0x00003633       0x85 C:/Freescale/CW MCU v11.0/MCU/ARM_GCC_Support/ewl/lib/armv6-m\libc.a(strlen.o)
 .debug_line    0x000036b8       0x9f C:/Freescale/CW MCU v11.0/MCU/ARM_GCC_Support/ewl/lib/armv6-m\libc.a(memchr.o)
 .debug_line    0x00003757       0xee C:/Freescale/CW MCU v11.0/MCU/ARM_GCC_Support/ewl/lib/armv6-m\libm.a(s_atan.o)
 .debug_line    0x00003845       0x73 C:/Freescale/CW MCU v11.0/MCU/ARM_GCC_Support/ewl/lib/armv6-m\libm.a(w_pow.o)
 .debug_line    0x000038b8      0x1f9 C:/Freescale/CW MCU v11.0/MCU/ARM_GCC_Support/ewl/lib/armv6-m\libm.a(e_pow.o)
 .debug_line    0x00003ab1       0x77 C:/Freescale/CW MCU v11.0/MCU/ARM_GCC_Support/ewl/lib/armv6-m\libm.a(scalbn.o)
 .debug_line    0x00003b28       0x74 C:/Freescale/CW MCU v11.0/MCU/ARM_GCC_Support/ewl/lib/armv6-m\libm.a(w_sqrt.o)
 .debug_line    0x00003b9c      0x173 C:/Freescale/CW MCU v11.0/MCU/ARM_GCC_Support/ewl/lib/armv6-m\libm.a(math_api.o)
 .debug_line    0x00003d0f       0x60 C:/Freescale/CW MCU v11.0/MCU/ARM_GCC_Support/ewl/lib/armv6-m\libm.a(float.o)
 .debug_line    0x00003d6f       0xb9 C:/Freescale/CW MCU v11.0/MCU/ARM_GCC_Support/ewl/lib/armv6-m\libm.a(s_frexp.o)
 .debug_line    0x00003e28       0xc6 C:/Freescale/CW MCU v11.0/MCU/ARM_GCC_Support/ewl/lib/armv6-m\libm.a(s_ldexp.o)
 .debug_line    0x00003eee      0x121 C:/Freescale/CW MCU v11.0/MCU/ARM_GCC_Support/ewl/lib/armv6-m\libm.a(e_sqrt.o)
 .debug_line    0x0000400f       0x6c C:/Freescale/CW MCU v11.0/MCU/ARM_GCC_Support/ewl/lib/armv6-m\librt.a(gcc_ctor_dtor.o)
 .debug_line    0x0000407b      0x117 C:/Freescale/CW MCU v11.0/MCU/ARM_GCC_Support/ewl/lib/armv6-m\librt.a(__arm_eabi_init.o)
 .debug_line    0x00004192       0xbd C:/Freescale/CW MCU v11.0/MCU/ARM_GCC_Support/ewl/lib/armv6-m\librt.a(ROMCopy.o)
 .debug_line    0x0000424f       0x4d C:/Freescale/CW MCU v11.0/MCU/ARM_GCC_Support/ewl/lib/armv6-m\libc.a(errno.o)

.debug_str      0x00000000     0x198b
 .debug_str     0x00000000      0x16e ./Project_Headers/my_sys_ticks.o
                                0x195 (size before relaxing)
 .debug_str     0x0000016e       0xe1 ./Project_Headers/my_ssd1306.o
                                0x205 (size before relaxing)
 .debug_str     0x0000024f      0x296 ./Project_Headers/my_i2c.o
                                0x3cf (size before relaxing)
 .debug_str     0x000004e5       0x98 ./Project_Headers/my_adc.o
                                0x2b8 (size before relaxing)
 .debug_str     0x0000057d       0xa3 ./Project_Headers/my_UART.o
                                0x2e5 (size before relaxing)
 .debug_str     0x00000620      0x137 ./Project_Headers/my_Pixy2.o
                                0x2a5 (size before relaxing)
 .debug_str     0x00000757      0x283 ./Project_Headers/mcg.o
                                0x4f3 (size before relaxing)
 .debug_str     0x000009da       0xf0 ./Project_Headers/arm_cm0.o
                                0x251 (size before relaxing)
 .debug_str     0x00000aca       0x7a ./Project_Settings/Startup_Code/kinetis_sysinit.o
                                0x2d7 (size before relaxing)
 .debug_str     0x00000b44       0x85 ./Project_Settings/Startup_Code/__arm_start.o
                                0x1b1 (size before relaxing)
 .debug_str     0x00000bc9       0x41 ./Project_Settings/Startup_Code/__arm_end.o
                                 0xe8 (size before relaxing)
 .debug_str     0x00000c0a      0x12b ./Sources/Pixy2_test.o
                                0x32d (size before relaxing)
 .debug_str     0x00000d35       0x4a C:/Freescale/CW MCU v11.0/MCU/ARM_GCC_Support/ewl/lib/armv6-m\libc.a(sprintf.o)
                                0x163 (size before relaxing)
 .debug_str     0x00000d7f       0x2e C:/Freescale/CW MCU v11.0/MCU/ARM_GCC_Support/ewl/lib/armv6-m\libc.a(exit.o)
                                0x157 (size before relaxing)
 .debug_str     0x00000dad       0x23 C:/Freescale/CW MCU v11.0/MCU/ARM_GCC_Support/ewl/lib/armv6-m\libc.a(memset.o)
                                0x140 (size before relaxing)
 .debug_str     0x00000dd0       0x2d C:/Freescale/CW MCU v11.0/MCU/ARM_GCC_Support/ewl/lib/armv6-m\libc.a(__filll_mem.o)
                                0x152 (size before relaxing)
 .debug_str     0x00000dfd      0x224 C:/Freescale/CW MCU v11.0/MCU/ARM_GCC_Support/ewl/lib/armv6-m\libc.a(printformat_.o)
                                0x3b3 (size before relaxing)
 .debug_str     0x00001021      0x184 C:/Freescale/CW MCU v11.0/MCU/ARM_GCC_Support/ewl/lib/armv6-m\libc.a(scanformat_.o)
                                0x3f9 (size before relaxing)
 .debug_str     0x000011a5       0x9d C:/Freescale/CW MCU v11.0/MCU/ARM_GCC_Support/ewl/lib/armv6-m\libc.a(ctype_aeabi.o)
                                0x1bc (size before relaxing)
 .debug_str     0x00001242       0x7c C:/Freescale/CW MCU v11.0/MCU/ARM_GCC_Support/ewl/lib/armv6-m\libc.a(vsnprintf.o)
                                0x1cc (size before relaxing)
 .debug_str     0x000012be       0x5b C:/Freescale/CW MCU v11.0/MCU/ARM_GCC_Support/ewl/lib/armv6-m\libc.a(__strtoul.o)
                                0x1fb (size before relaxing)
 .debug_str     0x00001319       0x1c C:/Freescale/CW MCU v11.0/MCU/ARM_GCC_Support/ewl/lib/armv6-m\libc.a(strchr.o)
                                0x137 (size before relaxing)
 .debug_str     0x00001335       0x1c C:/Freescale/CW MCU v11.0/MCU/ARM_GCC_Support/ewl/lib/armv6-m\libc.a(memcpy.o)
                                0x138 (size before relaxing)
 .debug_str     0x00001351       0x1c C:/Freescale/CW MCU v11.0/MCU/ARM_GCC_Support/ewl/lib/armv6-m\libc.a(strlen.o)
                                0x140 (size before relaxing)
 .debug_str     0x0000136d       0x1c C:/Freescale/CW MCU v11.0/MCU/ARM_GCC_Support/ewl/lib/armv6-m\libc.a(memchr.o)
                                0x148 (size before relaxing)
 .debug_str     0x00001389       0x39 C:/Freescale/CW MCU v11.0/MCU/ARM_GCC_Support/ewl/lib/armv6-m\libm.a(s_atan.o)
                                0x161 (size before relaxing)
 .debug_str     0x000013c2       0x11 C:/Freescale/CW MCU v11.0/MCU/ARM_GCC_Support/ewl/lib/armv6-m\libm.a(w_pow.o)
                                0x125 (size before relaxing)
 .debug_str     0x000013d3       0x7f C:/Freescale/CW MCU v11.0/MCU/ARM_GCC_Support/ewl/lib/armv6-m\libm.a(e_pow.o)
                                0x1cd (size before relaxing)
 .debug_str     0x00001452       0x1e C:/Freescale/CW MCU v11.0/MCU/ARM_GCC_Support/ewl/lib/armv6-m\libm.a(scalbn.o)
                                0x13f (size before relaxing)
 .debug_str     0x00001470       0x12 C:/Freescale/CW MCU v11.0/MCU/ARM_GCC_Support/ewl/lib/armv6-m\libm.a(w_sqrt.o)
                                0x12b (size before relaxing)
 .debug_str     0x00001482       0xe0 C:/Freescale/CW MCU v11.0/MCU/ARM_GCC_Support/ewl/lib/armv6-m\libm.a(math_api.o)
                                0x228 (size before relaxing)
 .debug_str     0x00001562       0xf9 C:/Freescale/CW MCU v11.0/MCU/ARM_GCC_Support/ewl/lib/armv6-m\libm.a(float.o)
                                0x225 (size before relaxing)
 .debug_str     0x0000165b       0x24 C:/Freescale/CW MCU v11.0/MCU/ARM_GCC_Support/ewl/lib/armv6-m\libm.a(s_frexp.o)
                                0x15d (size before relaxing)
 .debug_str     0x0000167f       0x20 C:/Freescale/CW MCU v11.0/MCU/ARM_GCC_Support/ewl/lib/armv6-m\libm.a(s_ldexp.o)
                                0x164 (size before relaxing)
 .debug_str     0x0000169f       0x21 C:/Freescale/CW MCU v11.0/MCU/ARM_GCC_Support/ewl/lib/armv6-m\libm.a(e_sqrt.o)
                                0x17e (size before relaxing)
 .debug_str     0x000016c0      0x126 C:/Freescale/CW MCU v11.0/MCU/ARM_GCC_Support/ewl/lib/armv6-m\librt.a(gcc_ctor_dtor.o)
                                0x181 (size before relaxing)
 .debug_str     0x000017e6       0xf8 C:/Freescale/CW MCU v11.0/MCU/ARM_GCC_Support/ewl/lib/armv6-m\librt.a(__arm_eabi_init.o)
                                0x1b5 (size before relaxing)
 .debug_str     0x000018de       0x9b C:/Freescale/CW MCU v11.0/MCU/ARM_GCC_Support/ewl/lib/armv6-m\librt.a(ROMCopy.o)
                                0x13c (size before relaxing)
 .debug_str     0x00001979       0x12 C:/Freescale/CW MCU v11.0/MCU/ARM_GCC_Support/ewl/lib/armv6-m\libc.a(errno.o)
                                0x12c (size before relaxing)

.comment        0x00000000       0x79
 .comment       0x00000000       0x79 ./Project_Headers/my_sys_ticks.o
                                 0x7a (size before relaxing)
 .comment       0x00000000       0x7a ./Project_Headers/my_ssd1306.o
 .comment       0x00000000       0x7a ./Project_Headers/my_i2c.o
 .comment       0x00000000       0x7a ./Project_Headers/my_adc.o
 .comment       0x00000000       0x7a ./Project_Headers/my_UART.o
 .comment       0x00000000       0x7a ./Project_Headers/my_Pixy2.o
 .comment       0x00000000       0x7a ./Project_Headers/mcg.o
 .comment       0x00000000       0x7a ./Project_Headers/arm_cm0.o
 .comment       0x00000000       0x7a ./Project_Settings/Startup_Code/kinetis_sysinit.o
 .comment       0x00000000       0x7a ./Project_Settings/Startup_Code/__arm_start.o
 .comment       0x00000000       0x7a ./Project_Settings/Startup_Code/__arm_end.o
 .comment       0x00000000       0x7a ./Sources/Pixy2_test.o
 .comment       0x00000000       0x7a C:/Freescale/CW MCU v11.0/MCU/ARM_GCC_Support/ewl/lib/armv6-m\libc.a(sprintf.o)
 .comment       0x00000000       0x7a C:/Freescale/CW MCU v11.0/MCU/ARM_GCC_Support/ewl/lib/armv6-m\libc.a(exit.o)
 .comment       0x00000000       0x7a C:/Freescale/CW MCU v11.0/MCU/ARM_GCC_Support/ewl/lib/armv6-m\libc.a(memset.o)
 .comment       0x00000000       0x7a C:/Freescale/CW MCU v11.0/MCU/ARM_GCC_Support/ewl/lib/armv6-m\libc.a(__filll_mem.o)
 .comment       0x00000000       0x7a C:/Freescale/CW MCU v11.0/MCU/ARM_GCC_Support/ewl/lib/armv6-m\libc.a(printformat_.o)
 .comment       0x00000000       0x7a C:/Freescale/CW MCU v11.0/MCU/ARM_GCC_Support/ewl/lib/armv6-m\libc.a(scanformat_.o)
 .comment       0x00000000       0x7a C:/Freescale/CW MCU v11.0/MCU/ARM_GCC_Support/ewl/lib/armv6-m\libc.a(ctype_aeabi.o)
 .comment       0x00000000       0x7a C:/Freescale/CW MCU v11.0/MCU/ARM_GCC_Support/ewl/lib/armv6-m\libc.a(vsnprintf.o)
 .comment       0x00000000       0x7a C:/Freescale/CW MCU v11.0/MCU/ARM_GCC_Support/ewl/lib/armv6-m\libc.a(__strtoul.o)
 .comment       0x00000000       0x7a C:/Freescale/CW MCU v11.0/MCU/ARM_GCC_Support/ewl/lib/armv6-m\libc.a(strchr.o)
 .comment       0x00000000       0x7a C:/Freescale/CW MCU v11.0/MCU/ARM_GCC_Support/ewl/lib/armv6-m\libc.a(memcpy.o)
 .comment       0x00000000       0x7a C:/Freescale/CW MCU v11.0/MCU/ARM_GCC_Support/ewl/lib/armv6-m\libc.a(strlen.o)
 .comment       0x00000000       0x7a C:/Freescale/CW MCU v11.0/MCU/ARM_GCC_Support/ewl/lib/armv6-m\libc.a(memchr.o)
 .comment       0x00000000       0x7a C:/Freescale/CW MCU v11.0/MCU/ARM_GCC_Support/ewl/lib/armv6-m\libm.a(s_atan.o)
 .comment       0x00000000       0x7a C:/Freescale/CW MCU v11.0/MCU/ARM_GCC_Support/ewl/lib/armv6-m\libm.a(w_pow.o)
 .comment       0x00000000       0x7a C:/Freescale/CW MCU v11.0/MCU/ARM_GCC_Support/ewl/lib/armv6-m\libm.a(e_pow.o)
 .comment       0x00000000       0x7a C:/Freescale/CW MCU v11.0/MCU/ARM_GCC_Support/ewl/lib/armv6-m\libm.a(scalbn.o)
 .comment       0x00000000       0x7a C:/Freescale/CW MCU v11.0/MCU/ARM_GCC_Support/ewl/lib/armv6-m\libm.a(w_sqrt.o)
 .comment       0x00000000       0x7a C:/Freescale/CW MCU v11.0/MCU/ARM_GCC_Support/ewl/lib/armv6-m\libm.a(math_api.o)
 .comment       0x00000000       0x7a C:/Freescale/CW MCU v11.0/MCU/ARM_GCC_Support/ewl/lib/armv6-m\libm.a(float.o)
 .comment       0x00000000       0x7a C:/Freescale/CW MCU v11.0/MCU/ARM_GCC_Support/ewl/lib/armv6-m\libm.a(s_frexp.o)
 .comment       0x00000000       0x7a C:/Freescale/CW MCU v11.0/MCU/ARM_GCC_Support/ewl/lib/armv6-m\libm.a(s_ldexp.o)
 .comment       0x00000000       0x7a C:/Freescale/CW MCU v11.0/MCU/ARM_GCC_Support/ewl/lib/armv6-m\libm.a(e_sqrt.o)
 .comment       0x00000000       0x7a C:/Freescale/CW MCU v11.0/MCU/ARM_GCC_Support/ewl/lib/armv6-m\librt.a(gcc_ctor_dtor.o)
 .comment       0x00000000       0x7a C:/Freescale/CW MCU v11.0/MCU/ARM_GCC_Support/ewl/lib/armv6-m\librt.a(__arm_eabi_init.o)
 .comment       0x00000000       0x7a C:/Freescale/CW MCU v11.0/MCU/ARM_GCC_Support/ewl/lib/armv6-m\librt.a(ROMCopy.o)
 .comment       0x00000000       0x7a C:/Freescale/CW MCU v11.0/MCU/ARM_GCC_Support/ewl/lib/armv6-m\libc.a(errno.o)

.debug_frame    0x00000000     0x1710
 .debug_frame   0x00000000       0x48 ./Project_Headers/my_sys_ticks.o
 .debug_frame   0x00000048      0x14c ./Project_Headers/my_ssd1306.o
 .debug_frame   0x00000194      0x244 ./Project_Headers/my_i2c.o
 .debug_frame   0x000003d8       0x4c ./Project_Headers/my_adc.o
 .debug_frame   0x00000424       0xa8 ./Project_Headers/my_UART.o
 .debug_frame   0x000004cc      0x130 ./Project_Headers/my_Pixy2.o
 .debug_frame   0x000005fc      0x3ac ./Project_Headers/mcg.o
 .debug_frame   0x000009a8       0xc8 ./Project_Headers/arm_cm0.o
 .debug_frame   0x00000a70       0x48 ./Project_Settings/Startup_Code/kinetis_sysinit.o
 .debug_frame   0x00000ab8       0x4c ./Project_Settings/Startup_Code/__arm_start.o
 .debug_frame   0x00000b04       0x30 ./Project_Settings/Startup_Code/__arm_end.o
 .debug_frame   0x00000b34       0xac ./Sources/Pixy2_test.o
 .debug_frame   0x00000be0       0x2c C:/Freescale/CW MCU v11.0/MCU/ARM_GCC_Support/ewl/lib/armv6-m\libc.a(sprintf.o)
 .debug_frame   0x00000c0c       0x2c C:/Freescale/CW MCU v11.0/MCU/ARM_GCC_Support/ewl/lib/armv6-m\libc.a(exit.o)
 .debug_frame   0x00000c38       0x28 C:/Freescale/CW MCU v11.0/MCU/ARM_GCC_Support/ewl/lib/armv6-m\libc.a(memset.o)
 .debug_frame   0x00000c60       0x2c C:/Freescale/CW MCU v11.0/MCU/ARM_GCC_Support/ewl/lib/armv6-m\libc.a(__filll_mem.o)
 .debug_frame   0x00000c8c       0x54 C:/Freescale/CW MCU v11.0/MCU/ARM_GCC_Support/ewl/lib/armv6-m\libc.a(printformat_.o)
 .debug_frame   0x00000ce0       0x34 C:/Freescale/CW MCU v11.0/MCU/ARM_GCC_Support/ewl/lib/armv6-m\libc.a(scanformat_.o)
 .debug_frame   0x00000d14      0x158 C:/Freescale/CW MCU v11.0/MCU/ARM_GCC_Support/ewl/lib/armv6-m\libc.a(ctype_aeabi.o)
 .debug_frame   0x00000e6c       0x4c C:/Freescale/CW MCU v11.0/MCU/ARM_GCC_Support/ewl/lib/armv6-m\libc.a(vsnprintf.o)
 .debug_frame   0x00000eb8       0x30 C:/Freescale/CW MCU v11.0/MCU/ARM_GCC_Support/ewl/lib/armv6-m\libc.a(__strtoul.o)
 .debug_frame   0x00000ee8       0x28 C:/Freescale/CW MCU v11.0/MCU/ARM_GCC_Support/ewl/lib/armv6-m\libc.a(strchr.o)
 .debug_frame   0x00000f10       0x28 C:/Freescale/CW MCU v11.0/MCU/ARM_GCC_Support/ewl/lib/armv6-m\libc.a(memcpy.o)
 .debug_frame   0x00000f38       0x28 C:/Freescale/CW MCU v11.0/MCU/ARM_GCC_Support/ewl/lib/armv6-m\libc.a(strlen.o)
 .debug_frame   0x00000f60       0x28 C:/Freescale/CW MCU v11.0/MCU/ARM_GCC_Support/ewl/lib/armv6-m\libc.a(memchr.o)
 .debug_frame   0x00000f88       0x30 C:/Freescale/CW MCU v11.0/MCU/ARM_GCC_Support/ewl/lib/armv6-m\libm.a(s_atan.o)
 .debug_frame   0x00000fb8       0x28 C:/Freescale/CW MCU v11.0/MCU/ARM_GCC_Support/ewl/lib/armv6-m\libm.a(w_pow.o)
 .debug_frame   0x00000fe0       0x34 C:/Freescale/CW MCU v11.0/MCU/ARM_GCC_Support/ewl/lib/armv6-m\libm.a(e_pow.o)
 .debug_frame   0x00001014       0x2c C:/Freescale/CW MCU v11.0/MCU/ARM_GCC_Support/ewl/lib/armv6-m\libm.a(scalbn.o)
 .debug_frame   0x00001040       0x28 C:/Freescale/CW MCU v11.0/MCU/ARM_GCC_Support/ewl/lib/armv6-m\libm.a(w_sqrt.o)
 .debug_frame   0x00001068       0xe0 C:/Freescale/CW MCU v11.0/MCU/ARM_GCC_Support/ewl/lib/armv6-m\libm.a(math_api.o)
 .debug_frame   0x00001148       0x2c C:/Freescale/CW MCU v11.0/MCU/ARM_GCC_Support/ewl/lib/armv6-m\libm.a(s_frexp.o)
 .debug_frame   0x00001174       0x30 C:/Freescale/CW MCU v11.0/MCU/ARM_GCC_Support/ewl/lib/armv6-m\libm.a(s_ldexp.o)
 .debug_frame   0x000011a4       0x30 C:/Freescale/CW MCU v11.0/MCU/ARM_GCC_Support/ewl/lib/armv6-m\libm.a(e_sqrt.o)
 .debug_frame   0x000011d4       0x20 c:/freescale/cw mcu v11.0/cross_tools/arm-none-eabi-gcc-4_7_3/bin/../lib/gcc/arm-none-eabi/4.7.3/armv6-m\libgcc.a(_udivsi3.o)
 .debug_frame   0x000011f4       0x20 c:/freescale/cw mcu v11.0/cross_tools/arm-none-eabi-gcc-4_7_3/bin/../lib/gcc/arm-none-eabi/4.7.3/armv6-m\libgcc.a(_divsi3.o)
 .debug_frame   0x00001214       0x30 c:/freescale/cw mcu v11.0/cross_tools/arm-none-eabi-gcc-4_7_3/bin/../lib/gcc/arm-none-eabi/4.7.3/armv6-m\libgcc.a(addsf3.o)
 .debug_frame   0x00001244       0x3c c:/freescale/cw mcu v11.0/cross_tools/arm-none-eabi-gcc-4_7_3/bin/../lib/gcc/arm-none-eabi/4.7.3/armv6-m\libgcc.a(divsf3.o)
 .debug_frame   0x00001280       0x2c c:/freescale/cw mcu v11.0/cross_tools/arm-none-eabi-gcc-4_7_3/bin/../lib/gcc/arm-none-eabi/4.7.3/armv6-m\libgcc.a(eqsf2.o)
 .debug_frame   0x000012ac       0x30 c:/freescale/cw mcu v11.0/cross_tools/arm-none-eabi-gcc-4_7_3/bin/../lib/gcc/arm-none-eabi/4.7.3/armv6-m\libgcc.a(gesf2.o)
 .debug_frame   0x000012dc       0x30 c:/freescale/cw mcu v11.0/cross_tools/arm-none-eabi-gcc-4_7_3/bin/../lib/gcc/arm-none-eabi/4.7.3/armv6-m\libgcc.a(lesf2.o)
 .debug_frame   0x0000130c       0x3c c:/freescale/cw mcu v11.0/cross_tools/arm-none-eabi-gcc-4_7_3/bin/../lib/gcc/arm-none-eabi/4.7.3/armv6-m\libgcc.a(mulsf3.o)
 .debug_frame   0x00001348       0x30 c:/freescale/cw mcu v11.0/cross_tools/arm-none-eabi-gcc-4_7_3/bin/../lib/gcc/arm-none-eabi/4.7.3/armv6-m\libgcc.a(subsf3.o)
 .debug_frame   0x00001378       0x2c c:/freescale/cw mcu v11.0/cross_tools/arm-none-eabi-gcc-4_7_3/bin/../lib/gcc/arm-none-eabi/4.7.3/armv6-m\libgcc.a(floatsisf.o)
 .debug_frame   0x000013a4       0x3c c:/freescale/cw mcu v11.0/cross_tools/arm-none-eabi-gcc-4_7_3/bin/../lib/gcc/arm-none-eabi/4.7.3/armv6-m\libgcc.a(adddf3.o)
 .debug_frame   0x000013e0       0x3c c:/freescale/cw mcu v11.0/cross_tools/arm-none-eabi-gcc-4_7_3/bin/../lib/gcc/arm-none-eabi/4.7.3/armv6-m\libgcc.a(divdf3.o)
 .debug_frame   0x0000141c       0x34 c:/freescale/cw mcu v11.0/cross_tools/arm-none-eabi-gcc-4_7_3/bin/../lib/gcc/arm-none-eabi/4.7.3/armv6-m\libgcc.a(eqdf2.o)
 .debug_frame   0x00001450       0x38 c:/freescale/cw mcu v11.0/cross_tools/arm-none-eabi-gcc-4_7_3/bin/../lib/gcc/arm-none-eabi/4.7.3/armv6-m\libgcc.a(gedf2.o)
 .debug_frame   0x00001488       0x38 c:/freescale/cw mcu v11.0/cross_tools/arm-none-eabi-gcc-4_7_3/bin/../lib/gcc/arm-none-eabi/4.7.3/armv6-m\libgcc.a(ledf2.o)
 .debug_frame   0x000014c0       0x3c c:/freescale/cw mcu v11.0/cross_tools/arm-none-eabi-gcc-4_7_3/bin/../lib/gcc/arm-none-eabi/4.7.3/armv6-m\libgcc.a(muldf3.o)
 .debug_frame   0x000014fc       0x38 c:/freescale/cw mcu v11.0/cross_tools/arm-none-eabi-gcc-4_7_3/bin/../lib/gcc/arm-none-eabi/4.7.3/armv6-m\libgcc.a(subdf3.o)
 .debug_frame   0x00001534       0x30 c:/freescale/cw mcu v11.0/cross_tools/arm-none-eabi-gcc-4_7_3/bin/../lib/gcc/arm-none-eabi/4.7.3/armv6-m\libgcc.a(floatsidf.o)
 .debug_frame   0x00001564       0x2c c:/freescale/cw mcu v11.0/cross_tools/arm-none-eabi-gcc-4_7_3/bin/../lib/gcc/arm-none-eabi/4.7.3/armv6-m\libgcc.a(extendsfdf2.o)
 .debug_frame   0x00001590       0x30 c:/freescale/cw mcu v11.0/cross_tools/arm-none-eabi-gcc-4_7_3/bin/../lib/gcc/arm-none-eabi/4.7.3/armv6-m\libgcc.a(truncdfsf2.o)
 .debug_frame   0x000015c0       0x40 C:/Freescale/CW MCU v11.0/MCU/ARM_GCC_Support/ewl/lib/armv6-m\librt.a(gcc_ctor_dtor.o)
 .debug_frame   0x00001600       0xbc C:/Freescale/CW MCU v11.0/MCU/ARM_GCC_Support/ewl/lib/armv6-m\librt.a(__arm_eabi_init.o)
 .debug_frame   0x000016bc       0x54 C:/Freescale/CW MCU v11.0/MCU/ARM_GCC_Support/ewl/lib/armv6-m\librt.a(ROMCopy.o)
